Archive member included because of file (symbol)

c:/freescale/kds_v3/toolchain/bin/../lib/gcc/arm-none-eabi/4.8.4/armv6-m\libgcc.a(_thumb1_case_uqi.o)
                              ./Sources/PatternGen.o (__gnu_thumb1_case_uqi)
c:/freescale/kds_v3/toolchain/bin/../lib/gcc/arm-none-eabi/4.8.4/armv6-m\libgcc.a(_divsi3.o)
                              ./Sources/main.o (__aeabi_idiv)
c:/freescale/kds_v3/toolchain/bin/../lib/gcc/arm-none-eabi/4.8.4/armv6-m\libgcc.a(_dvmd_tls.o)
                              c:/freescale/kds_v3/toolchain/bin/../lib/gcc/arm-none-eabi/4.8.4/armv6-m\libgcc.a(_divsi3.o) (__aeabi_idiv0)
c:/freescale/kds_v3/toolchain/bin/../lib/gcc/arm-none-eabi/4.8.4/armv6-m\libgcc.a(_arm_cmpdf2.o)
                              ./Sources/main.o (__aeabi_dcmpge)
c:/freescale/kds_v3/toolchain/bin/../lib/gcc/arm-none-eabi/4.8.4/armv6-m\libgcc.a(_muldi3.o)
                              ./Sources/PatternGen.o (__aeabi_lmul)
c:/freescale/kds_v3/toolchain/bin/../lib/gcc/arm-none-eabi/4.8.4/armv6-m\libgcc.a(divdf3.o)
                              ./Sources/main.o (__aeabi_ddiv)
c:/freescale/kds_v3/toolchain/bin/../lib/gcc/arm-none-eabi/4.8.4/armv6-m\libgcc.a(eqdf2.o)
                              c:/freescale/kds_v3/toolchain/bin/../lib/gcc/arm-none-eabi/4.8.4/armv6-m\libgcc.a(_arm_cmpdf2.o) (__eqdf2)
c:/freescale/kds_v3/toolchain/bin/../lib/gcc/arm-none-eabi/4.8.4/armv6-m\libgcc.a(gedf2.o)
                              c:/freescale/kds_v3/toolchain/bin/../lib/gcc/arm-none-eabi/4.8.4/armv6-m\libgcc.a(_arm_cmpdf2.o) (__gedf2)
c:/freescale/kds_v3/toolchain/bin/../lib/gcc/arm-none-eabi/4.8.4/armv6-m\libgcc.a(ledf2.o)
                              c:/freescale/kds_v3/toolchain/bin/../lib/gcc/arm-none-eabi/4.8.4/armv6-m\libgcc.a(_arm_cmpdf2.o) (__ledf2)
c:/freescale/kds_v3/toolchain/bin/../lib/gcc/arm-none-eabi/4.8.4/armv6-m\libgcc.a(muldf3.o)
                              ./Sources/main.o (__aeabi_dmul)
c:/freescale/kds_v3/toolchain/bin/../lib/gcc/arm-none-eabi/4.8.4/armv6-m\libgcc.a(subdf3.o)
                              ./Sources/main.o (__aeabi_dsub)
c:/freescale/kds_v3/toolchain/bin/../lib/gcc/arm-none-eabi/4.8.4/armv6-m\libgcc.a(fixdfsi.o)
                              ./Sources/main.o (__aeabi_d2iz)
c:/freescale/kds_v3/toolchain/bin/../lib/gcc/arm-none-eabi/4.8.4/armv6-m\libgcc.a(floatsidf.o)
                              ./Sources/main.o (__aeabi_i2d)
c:/freescale/kds_v3/toolchain/bin/../lib/gcc/arm-none-eabi/4.8.4/armv6-m\libgcc.a(_udivsi3.o)
                              c:/freescale/kds_v3/toolchain/bin/../lib/gcc/arm-none-eabi/4.8.4/armv6-m\libgcc.a(divdf3.o) (__aeabi_uidiv)
c:/freescale/kds_v3/toolchain/bin/../lib/gcc/arm-none-eabi/4.8.4/armv6-m\libgcc.a(_clzsi2.o)
                              c:/freescale/kds_v3/toolchain/bin/../lib/gcc/arm-none-eabi/4.8.4/armv6-m\libgcc.a(divdf3.o) (__clzsi2)
c:/freescale/kds_v3/toolchain/bin/../lib/gcc/arm-none-eabi/4.8.4/../../../../arm-none-eabi/lib/armv6-m\libg_s.a(lib_a-exit.o)
                              c:/freescale/kds_v3/toolchain/bin/../lib/gcc/arm-none-eabi/4.8.4/../../../../arm-none-eabi/lib/armv6-m/crt0.o (exit)
c:/freescale/kds_v3/toolchain/bin/../lib/gcc/arm-none-eabi/4.8.4/../../../../arm-none-eabi/lib/armv6-m\libg_s.a(lib_a-impure.o)
                              c:/freescale/kds_v3/toolchain/bin/../lib/gcc/arm-none-eabi/4.8.4/../../../../arm-none-eabi/lib/armv6-m\libg_s.a(lib_a-exit.o) (_global_impure_ptr)
c:/freescale/kds_v3/toolchain/bin/../lib/gcc/arm-none-eabi/4.8.4/../../../../arm-none-eabi/lib/armv6-m\libg_s.a(lib_a-init.o)
                              c:/freescale/kds_v3/toolchain/bin/../lib/gcc/arm-none-eabi/4.8.4/../../../../arm-none-eabi/lib/armv6-m/crt0.o (__libc_init_array)
c:/freescale/kds_v3/toolchain/bin/../lib/gcc/arm-none-eabi/4.8.4/../../../../arm-none-eabi/lib/armv6-m\libg_s.a(lib_a-memset.o)
                              c:/freescale/kds_v3/toolchain/bin/../lib/gcc/arm-none-eabi/4.8.4/../../../../arm-none-eabi/lib/armv6-m/crt0.o (memset)

Allocating common symbols
Common symbol       size              file

Params              0x6               ./Sources/main.o
T2                  0x3               ./Sources/PatternGen.o
R3                  0x4               ./Sources/PatternGen.o
T4                  0x3               ./Sources/PatternGen.o
adcchannels         0x18              ./Sources/main.o
Settings            0x4c              ./Sources/main.o
AD1_OutV            0xc               ./Generated_Code/AD1.o
Top                 0x3               ./Sources/PatternGen.o
R4                  0x4               ./Sources/PatternGen.o
AdcLdd1_DeviceDataPtr
                    0x4               ./Generated_Code/AD1.o
T3                  0x3               ./Sources/PatternGen.o
R1                  0x4               ./Sources/PatternGen.o
SR_reg              0x1               ./Generated_Code/Cpu.o
T1                  0x3               ./Sources/PatternGen.o
[...]
Memory Configuration

Name             Origin             Length             Attributes
m_interrupts     0x00000000         0x000000c0         xr
m_text           0x00000410         0x00007bf0         xr
m_data           0x1ffffc00         0x00001000         rw
m_cfmprotrom     0x00000400         0x00000010         xr
*default*        0x00000000         0xffffffff

Linker script and memory map

LOAD c:/freescale/kds_v3/toolchain/bin/../lib/gcc/arm-none-eabi/4.8.4/armv6-m/crti.o
LOAD c:/freescale/kds_v3/toolchain/bin/../lib/gcc/arm-none-eabi/4.8.4/armv6-m/crtbegin.o
LOAD c:/freescale/kds_v3/toolchain/bin/../lib/gcc/arm-none-eabi/4.8.4/../../../../arm-none-eabi/lib/armv6-m/crt0.o
LOAD ./Sources/DAC.o
LOAD ./Sources/Events.o
LOAD ./Sources/PatternGen.o
LOAD ./Sources/exit.o
LOAD ./Sources/main.o
LOAD ./Project_Settings/Startup_Code/startup.o
LOAD ./Generated_Code/AD1.o
LOAD ./Generated_Code/AdcLdd1.o
LOAD ./Generated_Code/Cpu.o
LOAD ./Generated_Code/DACSEL.o
LOAD ./Generated_Code/EInt1.o
LOAD ./Generated_Code/GATE.o
LOAD ./Generated_Code/LED1.o
LOAD ./Generated_Code/LED2.o
LOAD ./Generated_Code/LED3.o
LOAD ./Generated_Code/LED4.o
LOAD ./Generated_Code/PE_LDD.o
LOAD ./Generated_Code/PTA.o
LOAD ./Generated_Code/SM1.o
LOAD ./Generated_Code/SW1.o
LOAD ./Generated_Code/SW2.o
LOAD ./Generated_Code/SW2LED.o
LOAD ./Generated_Code/TI1.o
LOAD ./Generated_Code/TU1.o
LOAD ./Generated_Code/TimerIntLdd1.o
LOAD ./Generated_Code/Vectors.o
LOAD c:/freescale/kds_v3/toolchain/bin/../lib/gcc/arm-none-eabi/4.8.4/../../../../arm-none-eabi/lib/armv6-m\libstdc++_s.a
LOAD c:/freescale/kds_v3/toolchain/bin/../lib/gcc/arm-none-eabi/4.8.4/../../../../arm-none-eabi/lib/armv6-m\libm.a
START GROUP
LOAD c:/freescale/kds_v3/toolchain/bin/../lib/gcc/arm-none-eabi/4.8.4/armv6-m\libgcc.a
LOAD c:/freescale/kds_v3/toolchain/bin/../lib/gcc/arm-none-eabi/4.8.4/../../../../arm-none-eabi/lib/armv6-m\libg_s.a
LOAD c:/freescale/kds_v3/toolchain/bin/../lib/gcc/arm-none-eabi/4.8.4/../../../../arm-none-eabi/lib/armv6-m\libc_s.a
END GROUP
START GROUP
LOAD c:/freescale/kds_v3/toolchain/bin/../lib/gcc/arm-none-eabi/4.8.4/armv6-m\libgcc.a
LOAD c:/freescale/kds_v3/toolchain/bin/../lib/gcc/arm-none-eabi/4.8.4/../../../../arm-none-eabi/lib/armv6-m\libc_s.a
END GROUP
LOAD c:/freescale/kds_v3/toolchain/bin/../lib/gcc/arm-none-eabi/4.8.4/armv6-m/crtend.o
LOAD c:/freescale/kds_v3/toolchain/bin/../lib/gcc/arm-none-eabi/4.8.4/armv6-m/crtn.o
                0x20000c00                _estack = 0x20000c00
                0x20000c00                __SP_INIT = _estack
                0x20000c00                __stack = _estack
                0x00000100                __heap_size = 0x100
                0x00000100                __stack_size = 0x100

.interrupts     0x00000000       0xc0
                0x00000000                __vector_table = .
                0x00000000                . = ALIGN (0x4)
 *(.vectortable)
 .vectortable   0x00000000       0xc0 ./Generated_Code/Vectors.o
                0x00000000                __vect_table
                0x000000c0                . = ALIGN (0x4)

.cfmprotect     0x00000400       0x10
                0x00000400                . = ALIGN (0x4)
 *(.cfmconfig)
 .cfmconfig     0x00000400       0x10 ./Generated_Code/Cpu.o
                0x00000400                _cfm
                0x00000410                . = ALIGN (0x4)

.text           0x00000410     0x2cd0
                0x00000410                . = ALIGN (0x4)
 *(.text)
 .text          0x00000410       0x60 c:/freescale/kds_v3/toolchain/bin/../lib/gcc/arm-none-eabi/4.8.4/armv6-m/crtbegin.o
 .text          0x00000470       0x14 c:/freescale/kds_v3/toolchain/bin/../lib/gcc/arm-none-eabi/4.8.4/armv6-m\libgcc.a(_thumb1_case_uqi.o)
                0x00000470                __gnu_thumb1_case_uqi
 .text          0x00000484       0xc0 c:/freescale/kds_v3/toolchain/bin/../lib/gcc/arm-none-eabi/4.8.4/armv6-m\libgcc.a(_divsi3.o)
                0x00000484                __divsi3
                0x00000484                __aeabi_idiv
                0x00000530                __aeabi_idivmod
 .text          0x00000544        0x4 c:/freescale/kds_v3/toolchain/bin/../lib/gcc/arm-none-eabi/4.8.4/armv6-m\libgcc.a(_dvmd_tls.o)
                0x00000544                __aeabi_idiv0
                0x00000544                __aeabi_ldiv0
 .text          0x00000548       0x7c c:/freescale/kds_v3/toolchain/bin/../lib/gcc/arm-none-eabi/4.8.4/armv6-m\libgcc.a(_arm_cmpdf2.o)
                0x00000548                __aeabi_cdrcmple
                0x00000558                __aeabi_cdcmple
                0x00000558                __aeabi_cdcmpeq
                0x00000568                __aeabi_dcmpeq
                0x00000574                __aeabi_dcmplt
                0x00000588                __aeabi_dcmple
                0x0000059c                __aeabi_dcmpgt
                0x000005b0                __aeabi_dcmpge
 .text          0x000005c4       0x44 c:/freescale/kds_v3/toolchain/bin/../lib/gcc/arm-none-eabi/4.8.4/armv6-m\libgcc.a(_muldi3.o)
                0x000005c4                __muldi3
                0x000005c4                __aeabi_lmul
 .text          0x00000608      0x648 c:/freescale/kds_v3/toolchain/bin/../lib/gcc/arm-none-eabi/4.8.4/armv6-m\libgcc.a(divdf3.o)
                0x00000608                __aeabi_ddiv
 .text          0x00000c50       0x94 c:/freescale/kds_v3/toolchain/bin/../lib/gcc/arm-none-eabi/4.8.4/armv6-m\libgcc.a(eqdf2.o)
                0x00000c50                __nedf2
                0x00000c50                __eqdf2
 .text          0x00000ce4       0xfc c:/freescale/kds_v3/toolchain/bin/../lib/gcc/arm-none-eabi/4.8.4/armv6-m\libgcc.a(gedf2.o)
                0x00000ce4                __gedf2
                0x00000ce4                __gtdf2
 .text          0x00000de0       0xfc c:/freescale/kds_v3/toolchain/bin/../lib/gcc/arm-none-eabi/4.8.4/armv6-m\libgcc.a(ledf2.o)
                0x00000de0                __ledf2
                0x00000de0                __ltdf2
 .text          0x00000edc      0x520 c:/freescale/kds_v3/toolchain/bin/../lib/gcc/arm-none-eabi/4.8.4/armv6-m\libgcc.a(muldf3.o)
                0x00000edc                __aeabi_dmul
 .text          0x000013fc      0x668 c:/freescale/kds_v3/toolchain/bin/../lib/gcc/arm-none-eabi/4.8.4/armv6-m\libgcc.a(subdf3.o)
                0x000013fc                __aeabi_dsub
 .text          0x00001a64       0x68 c:/freescale/kds_v3/toolchain/bin/../lib/gcc/arm-none-eabi/4.8.4/armv6-m\libgcc.a(fixdfsi.o)
                0x00001a64                __aeabi_d2iz
 .text          0x00001acc       0x7c c:/freescale/kds_v3/toolchain/bin/../lib/gcc/arm-none-eabi/4.8.4/armv6-m\libgcc.a(floatsidf.o)
                0x00001acc                __aeabi_i2d
 .text          0x00001b48       0x9c c:/freescale/kds_v3/toolchain/bin/../lib/gcc/arm-none-eabi/4.8.4/armv6-m\libgcc.a(_udivsi3.o)
                0x00001b48                __aeabi_uidiv
                0x00001b48                __udivsi3
                0x00001bd0                __aeabi_uidivmod
 .text          0x00001be4       0x3c c:/freescale/kds_v3/toolchain/bin/../lib/gcc/arm-none-eabi/4.8.4/armv6-m\libgcc.a(_clzsi2.o)
                0x00001be4                __clzsi2
 *(.text*)
 .text.DAC_Done
                0x00001c20       0x14 ./Sources/DAC.o
                0x00001c20                DAC_Done
 .text.DAC_Write
                0x00001c34       0x48 ./Sources/DAC.o
                0x00001c34                DAC_Write
 .text.Cpu_OnNMIINT
                0x00001c7c        0x2 ./Sources/Events.o
                0x00001c7c                Cpu_OnNMIINT
 .text.SM1_OnBlockSent
                0x00001c7e        0x8 ./Sources/Events.o
                0x00001c7e                SM1_OnBlockSent
 .text.SM1_OnBlockReceived
                0x00001c86        0x2 ./Sources/Events.o
                0x00001c86                SM1_OnBlockReceived
 .text.TI1_OnInterrupt
                0x00001c88        0x8 ./Sources/Events.o
                0x00001c88                TI1_OnInterrupt
 .text.AD1_OnEnd
                0x00001c90       0x38 ./Sources/Events.o
                0x00001c90                AD1_OnEnd
 .text.AD1_OnCalibrationEnd
                0x00001cc8        0x2 ./Sources/Events.o
                0x00001cc8                AD1_OnCalibrationEnd
 .text.EInt1_OnInterrupt
                0x00001cca        0x2 ./Sources/Events.o
                0x00001cca                EInt1_OnInterrupt
 .text.PatternGen_RandomSeed
                0x00001ccc        0x4 ./Sources/PatternGen.o
                0x00001ccc                PatternGen_RandomSeed
 .text.PatternGen_Rand
                0x00001cd0       0x1c ./Sources/PatternGen.o
                0x00001cd0                PatternGen_Rand
 .text.PatternGen_RandByte
                0x00001cec        0xc ./Sources/PatternGen.o
                0x00001cec                PatternGen_RandByte
 .text.PatternGen_PercChance
                0x00001cf8        0xc ./Sources/PatternGen.o
                0x00001cf8                PatternGen_PercChance
 .text.PatternGen_LoadDefaults
                0x00001d04       0xc6 ./Sources/PatternGen.o
                0x00001d04                PatternGen_LoadDefaults
 .text.PatternGen_LoadSettings
                0x00001dca        0x8 ./Sources/PatternGen.o
                0x00001dca                PatternGen_LoadSettings
 .text.Rotate   0x00001dd2       0x5a ./Sources/PatternGen.o
                0x00001dd2                Rotate
 .text.Reverse  0x00001e2c       0x2c ./Sources/PatternGen.o
                0x00001e2c                Reverse
 .text.Transpose
                0x00001e58       0x2c ./Sources/PatternGen.o
                0x00001e58                Transpose
 *fill*         0x00001e84        0x4 
 .text.PatternGen_Psych
                0x00001e88       0xa0 ./Sources/PatternGen.o
                0x00001e88                PatternGen_Psych
 .text.PatternGen_Flat
                0x00001f28       0x98 ./Sources/PatternGen.o
                0x00001f28                PatternGen_Flat
 .text.PatternGen_Goa
                0x00001fc0       0xe8 ./Sources/PatternGen.o
                0x00001fc0                PatternGen_Goa
 .text.PatternGen_Zeph
                0x000020a8       0xe4 ./Sources/PatternGen.o
                0x000020a8                PatternGen_Zeph
 .text.denoise  0x0000218c       0x46 ./Sources/main.o
                0x0000218c                denoise
 *fill*         0x000021d2        0x6 
 .text.doTimer  0x000021d8      0x1c0 ./Sources/main.o
                0x000021d8                doTimer
 .text.startup.main
                0x00002398      0x128 ./Sources/main.o
                0x00002398                main
 .text.__copy_rom_section
                0x000024c0       0x40 ./Project_Settings/Startup_Code/startup.o
                0x000024c0                __copy_rom_section
 .text.__copy_rom_sections_to_ram
                0x00002500       0x34 ./Project_Settings/Startup_Code/startup.o
                0x00002500                __copy_rom_sections_to_ram
 .text.__init_registers
                0x00002534        0x2 ./Project_Settings/Startup_Code/startup.o
                0x00002534                __init_registers
 .text.__init_user
                0x00002536        0x2 ./Project_Settings/Startup_Code/startup.o
                0x00002536                __init_user
 .text.__thumb_startup
                0x00002538       0x78 ./Project_Settings/Startup_Code/startup.o
                0x00002538                __thumb_startup
 .text.AD1_HWEnDi
                0x000025b0       0x74 ./Generated_Code/AD1.o
                0x000025b0                AD1_HWEnDi
 .text.AD1_Measure
                0x00002624       0x2c ./Generated_Code/AD1.o
                0x00002624                AD1_Measure
 .text.AD1_GetChanValue16
                0x00002650       0x34 ./Generated_Code/AD1.o
                0x00002650                AD1_GetChanValue16
 .text.AdcLdd1_OnMeasurementComplete
                0x00002684       0xa8 ./Generated_Code/AD1.o
                0x00002684                AdcLdd1_OnMeasurementComplete
 .text.AD1_Init
                0x0000272c       0x24 ./Generated_Code/AD1.o
                0x0000272c                AD1_Init
 .text.AdcLdd1_Init
                0x00002750       0xac ./Generated_Code/AdcLdd1.o
                0x00002750                AdcLdd1_Init
 .text.AdcLdd1_StartSingleMeasurement
                0x000027fc       0x30 ./Generated_Code/AdcLdd1.o
                0x000027fc                AdcLdd1_StartSingleMeasurement
 .text.AdcLdd1_CreateSampleGroup
                0x0000282c       0x38 ./Generated_Code/AdcLdd1.o
                0x0000282c                AdcLdd1_CreateSampleGroup
 .text.AdcLdd1_GetMeasuredValues
                0x00002864       0x24 ./Generated_Code/AdcLdd1.o
                0x00002864                AdcLdd1_GetMeasuredValues
 .text.AdcLdd1_GetCalibrationResultStatus
                0x00002888       0x38 ./Generated_Code/AdcLdd1.o
                0x00002888                AdcLdd1_GetCalibrationResultStatus
 .text.AdcLdd1_MeasurementCompleteInterrupt
                0x000028c0       0x20 ./Generated_Code/AdcLdd1.o
                0x000028c0                AdcLdd1_MeasurementCompleteInterrupt
 .text.Cpu_ivINT_PORTA
                0x000028e0        0x8 ./Generated_Code/Cpu.o
                0x000028e0                Cpu_ivINT_PORTA
 .text.Cpu_INT_NMIInterrupt
                0x000028e8        0x8 ./Generated_Code/Cpu.o
                0x000028e8                Cpu_INT_NMIInterrupt
 .text.Cpu_Interrupt
                0x000028f0        0x4 ./Generated_Code/Cpu.o
                0x000028f0                Cpu_Interrupt
 .text.__init_hardware
                0x000028f4       0xac ./Generated_Code/Cpu.o
                0x000028f4                __init_hardware
 .text.PE_low_level_init
                0x000029a0       0xe0 ./Generated_Code/Cpu.o
                0x000029a0                PE_low_level_init
 .text.DACSEL_Init
                0x00002a80       0x40 ./Generated_Code/DACSEL.o
                0x00002a80                DACSEL_Init
 .text.DACSEL_ClrVal
                0x00002ac0        0xc ./Generated_Code/DACSEL.o
                0x00002ac0                DACSEL_ClrVal
 .text.DACSEL_SetVal
                0x00002acc        0xc ./Generated_Code/DACSEL.o
                0x00002acc                DACSEL_SetVal
 .text.EInt1_Interrupt
                0x00002ad8       0x28 ./Generated_Code/EInt1.o
                0x00002ad8                EInt1_Interrupt
 .text.GATE_Init
                0x00002b00       0x3c ./Generated_Code/GATE.o
                0x00002b00                GATE_Init
 .text.LED1_Init
                0x00002b3c       0x40 ./Generated_Code/LED1.o
                0x00002b3c                LED1_Init
 .text.LED1_SetVal
                0x00002b7c        0xc ./Generated_Code/LED1.o
                0x00002b7c                LED1_SetVal
 .text.LED2_Init
                0x00002b88       0x44 ./Generated_Code/LED2.o
                0x00002b88                LED2_Init
 .text.LED2_ClrVal
                0x00002bcc       0x10 ./Generated_Code/LED2.o
                0x00002bcc                LED2_ClrVal
 .text.LED2_SetVal
                0x00002bdc       0x10 ./Generated_Code/LED2.o
                0x00002bdc                LED2_SetVal
 .text.LED3_Init
                0x00002bec       0x40 ./Generated_Code/LED3.o
                0x00002bec                LED3_Init
 .text.LED3_ClrVal
                0x00002c2c        0xc ./Generated_Code/LED3.o
                0x00002c2c                LED3_ClrVal
 .text.LED3_SetVal
                0x00002c38        0xc ./Generated_Code/LED3.o
                0x00002c38                LED3_SetVal
 .text.LED4_Init
                0x00002c44       0x40 ./Generated_Code/LED4.o
                0x00002c44                LED4_Init
 .text.LED4_ClrVal
                0x00002c84        0xc ./Generated_Code/LED4.o
                0x00002c84                LED4_ClrVal
 .text.LED4_SetVal
                0x00002c90        0xc ./Generated_Code/LED4.o
                0x00002c90                LED4_SetVal
 .text.PTA_Init
                0x00002c9c       0x14 ./Generated_Code/PTA.o
                0x00002c9c                PTA_Init
 .text.SM1_Init
                0x00002cb0       0xac ./Generated_Code/SM1.o
                0x00002cb0                SM1_Init
 .text.SM1_SendBlock
                0x00002d5c       0x6c ./Generated_Code/SM1.o
                0x00002d5c                SM1_SendBlock
 .text.SM1_Interrupt
                0x00002dc8       0x8c ./Generated_Code/SM1.o
                0x00002dc8                SM1_Interrupt
 .text.SW1_Init
                0x00002e54       0x3c ./Generated_Code/SW1.o
                0x00002e54                SW1_Init
 .text.SW2_Init
                0x00002e90       0x3c ./Generated_Code/SW2.o
                0x00002e90                SW2_Init
 .text.SW2_GetVal
                0x00002ecc       0x10 ./Generated_Code/SW2.o
                0x00002ecc                SW2_GetVal
 .text.SW2LED_Init
                0x00002edc       0x40 ./Generated_Code/SW2LED.o
                0x00002edc                SW2LED_Init
 .text.SW2LED_ClrVal
                0x00002f1c        0xc ./Generated_Code/SW2LED.o
                0x00002f1c                SW2LED_ClrVal
 .text.SW2LED_SetVal
                0x00002f28        0xc ./Generated_Code/SW2LED.o
                0x00002f28                SW2LED_SetVal
 .text.TimerIntLdd1_OnInterrupt
                0x00002f34        0x8 ./Generated_Code/TI1.o
                0x00002f34                TimerIntLdd1_OnInterrupt
 .text.TU1_Init
                0x00002f3c       0x90 ./Generated_Code/TU1.o
                0x00002f3c                TU1_Init
 .text.TU1_Interrupt
                0x00002fcc       0x30 ./Generated_Code/TU1.o
                0x00002fcc                TU1_Interrupt
 .text.TimerIntLdd1_Init
                0x00002ffc       0x2c ./Generated_Code/TimerIntLdd1.o
                0x00002ffc                TimerIntLdd1_Init
 .text.TU1_OnCounterRestart
                0x00003028       0x14 ./Generated_Code/TimerIntLdd1.o
                0x00003028                TU1_OnCounterRestart
 *(.rodata)
 .rodata        0x0000303c       0x40 c:/freescale/kds_v3/toolchain/bin/../lib/gcc/arm-none-eabi/4.8.4/armv6-m\libgcc.a(divdf3.o)
 .rodata        0x0000307c       0x40 c:/freescale/kds_v3/toolchain/bin/../lib/gcc/arm-none-eabi/4.8.4/armv6-m\libgcc.a(muldf3.o)
 *(.rodata*)
 .rodata.Table  0x000030bc        0x6 ./Generated_Code/AD1.o
 .rodata.ChannelToPin
                0x000030c2        0x6 ./Generated_Code/AdcLdd1.o
 *(.glue_7)
 .glue_7        0x00000000        0x0 linker stubs
 *(.glue_7t)
 .glue_7t       0x00000000        0x0 linker stubs
 *(.eh_frame)
 .eh_frame      0x000030c8        0x0 c:/freescale/kds_v3/toolchain/bin/../lib/gcc/arm-none-eabi/4.8.4/armv6-m/crtbegin.o
 *(.init)
 .init          0x000030c8        0x4 c:/freescale/kds_v3/toolchain/bin/../lib/gcc/arm-none-eabi/4.8.4/armv6-m/crti.o
                0x000030c8                _init
 .init          0x000030cc        0x8 c:/freescale/kds_v3/toolchain/bin/../lib/gcc/arm-none-eabi/4.8.4/armv6-m/crtn.o
 *(.fini)
 .fini          0x000030d4        0x4 c:/freescale/kds_v3/toolchain/bin/../lib/gcc/arm-none-eabi/4.8.4/armv6-m/crti.o
                0x000030d4                _fini
 .fini          0x000030d8        0x8 c:/freescale/kds_v3/toolchain/bin/../lib/gcc/arm-none-eabi/4.8.4/armv6-m/crtn.o
                0x000030e0                . = ALIGN (0x4)
                0x000030e0                _etext = .

.vfp11_veneer   0x000030e0        0x0
 .vfp11_veneer  0x00000000        0x0 linker stubs

.v4_bx          0x000030e0        0x0
 .v4_bx         0x00000000        0x0 linker stubs

.iplt           0x000030e0        0x0
 .iplt          0x00000000        0x0 c:/freescale/kds_v3/toolchain/bin/../lib/gcc/arm-none-eabi/4.8.4/armv6-m/crtbegin.o

.rel.dyn        0x000030e0        0x0
 .rel.iplt      0x00000000        0x0 c:/freescale/kds_v3/toolchain/bin/../lib/gcc/arm-none-eabi/4.8.4/armv6-m/crtbegin.o

.ARM.extab
 *(.ARM.extab* .gnu.linkonce.armextab.*)

.ARM            0x000030e0        0x0
                0x000030e0                __exidx_start = .
 *(.ARM.exidx*)
                0x000030e0                __exidx_end = .

.ctors          0x000030e0        0x0
                0x000030e0                __CTOR_LIST__ = .
 *crtbegin.o(.ctors)
 *(EXCLUDE_FILE(*crtend.o) .ctors)
 *(SORT(.ctors.*))
 *(.ctors)
                0x000030e0                __CTOR_END__ = .

.dtors          0x000030e0        0x0
                0x000030e0                __DTOR_LIST__ = .
 *crtbegin.o(.dtors)
 *(EXCLUDE_FILE(*crtend.o) .dtors)
 *(SORT(.dtors.*))
 *(.dtors)
                0x000030e0                __DTOR_END__ = .

.preinit_array  0x000030e0        0x0
                0x000030e0                PROVIDE (__preinit_array_start, .)
 *(.preinit_array*)
                0x000030e0                PROVIDE (__preinit_array_end, .)

.init_array     0x000030e0        0x4
                0x000030e0                PROVIDE (__init_array_start, .)
 *(SORT(.init_array.*))
 *(.init_array*)
 .init_array    0x000030e0        0x4 c:/freescale/kds_v3/toolchain/bin/../lib/gcc/arm-none-eabi/4.8.4/armv6-m/crtbegin.o
                0x000030e4                PROVIDE (__init_array_end, .)

.fini_array     0x000030e4        0x4
                0x000030e4                PROVIDE (__fini_array_start, .)
 *(SORT(.fini_array.*))
 *(.fini_array*)
 .fini_array    0x000030e4        0x4 c:/freescale/kds_v3/toolchain/bin/../lib/gcc/arm-none-eabi/4.8.4/armv6-m/crtbegin.o
                0x000030e8                PROVIDE (__fini_array_end, .)
                0x000030e8                ___ROM_AT = .

.mtb            0x1ffffc00        0x0
                0x1ffffc00                . = ALIGN (0x8)
                0x1ffffc00                _mtb_start = .
 *(.mtb_buf)
                0x1ffffc00                . = ALIGN (0x8)
                0x1ffffc00                _mtb_end = .

.data           0x1ffffc00       0x14 load address 0x000030e8
                0x1ffffc00                . = ALIGN (0x4)
                0x1ffffc00                _sdata = .
 *(.data)
 *(.data*)
 .data.DACSENDDONE
                0x1ffffc00        0x1 ./Sources/DAC.o
                0x1ffffc00                DACSENDDONE
 *fill*         0x1ffffc01        0x3 
 .data.countdownTick
                0x1ffffc04        0x4 ./Sources/main.o
                0x1ffffc04                countdownTick
 .data.countdownNote
                0x1ffffc08        0x4 ./Sources/main.o
                0x1ffffc08                countdownNote
 .data.oldseed  0x1ffffc0c        0x4 ./Sources/main.o
                0x1ffffc0c                oldseed
 .data.Tick     0x1ffffc10        0x4 ./Sources/main.o
                0x1ffffc10                Tick
                0x1ffffc14                . = ALIGN (0x4)
                0x1ffffc14                _edata = .
                0x00000014                ___data_size = (_edata - _sdata)

.jcr            0x1ffffc14        0x0 load address 0x000030fc
 .jcr           0x1ffffc14        0x0 c:/freescale/kds_v3/toolchain/bin/../lib/gcc/arm-none-eabi/4.8.4/armv6-m/crtbegin.o

.igot.plt       0x1ffffc14        0x0 load address 0x000030fc
 .igot.plt      0x00000000        0x0 c:/freescale/kds_v3/toolchain/bin/../lib/gcc/arm-none-eabi/4.8.4/armv6-m/crtbegin.o
                0x1ffffc14                . = ALIGN (0x4)

.bss            0x1ffffc14      0x32c load address 0x000030fc
                0x1ffffc14                __START_BSS = .
                0x1ffffc14                PROVIDE (__bss_start__, __START_BSS)
 *(.bss)
 .bss           0x1ffffc14       0x1c c:/freescale/kds_v3/toolchain/bin/../lib/gcc/arm-none-eabi/4.8.4/armv6-m/crtbegin.o
 *(.bss*)
 .bss.measured  0x1ffffc30        0x4 ./Sources/main.o
                0x1ffffc30                measured
 .bss.t         0x1ffffc34        0x4 ./Sources/main.o
                0x1ffffc34                t
 .bss.beatpwm   0x1ffffc38        0x4 ./Sources/main.o
                0x1ffffc38                beatpwm
 .bss.TickOut   0x1ffffc3c        0x2 ./Sources/main.o
                0x1ffffc3c                TickOut
 .bss.pwm       0x1ffffc3e        0x1 ./Sources/main.o
                0x1ffffc3e                pwm
 *fill*         0x1ffffc3f        0x1 
 .bss.sonicsw_state.6137
                0x1ffffc40       0x14 ./Sources/main.o
 .bss.CVOut     0x1ffffc54        0x2 ./Sources/main.o
                0x1ffffc54                CVOut
 *fill*         0x1ffffc56        0x2 
 .bss.argv      0x1ffffc58       0x28 ./Project_Settings/Startup_Code/startup.o
 .bss.OutFlg    0x1ffffc80        0x1 ./Generated_Code/AD1.o
 .bss.SumChan   0x1ffffc81        0x1 ./Generated_Code/AD1.o
 .bss.ModeFlg   0x1ffffc82        0x1 ./Generated_Code/AD1.o
 .bss.SampleGroup
                0x1ffffc83        0x6 ./Generated_Code/AD1.o
 *fill*         0x1ffffc89        0x3 
 .bss.INT_ADC0__DEFAULT_RTOS_ISRPARAM
                0x1ffffc8c        0x4 ./Generated_Code/AdcLdd1.o
 .bss.DeviceDataPrv__DEFAULT_RTOS_ALLOC
                0x1ffffc90        0x8 ./Generated_Code/AdcLdd1.o
 .bss.SR_lock   0x1ffffc98        0x1 ./Generated_Code/Cpu.o
                0x1ffffc98                SR_lock
 *fill*         0x1ffffc99        0x3 
 .bss.DeviceDataPrv__DEFAULT_RTOS_ALLOC
                0x1ffffc9c        0x4 ./Generated_Code/DACSEL.o
 .bss.INT_PORTA__DEFAULT_RTOS_ISRPARAM
                0x1ffffca0        0x4 ./Generated_Code/EInt1.o
 .bss.DeviceDataPrv__DEFAULT_RTOS_ALLOC
                0x1ffffca4        0x4 ./Generated_Code/GATE.o
 .bss.DeviceDataPrv__DEFAULT_RTOS_ALLOC
                0x1ffffca8        0x4 ./Generated_Code/LED1.o
 .bss.DeviceDataPrv__DEFAULT_RTOS_ALLOC
                0x1ffffcac        0x4 ./Generated_Code/LED2.o
 .bss.DeviceDataPrv__DEFAULT_RTOS_ALLOC
                0x1ffffcb0        0x4 ./Generated_Code/LED3.o
 .bss.DeviceDataPrv__DEFAULT_RTOS_ALLOC
                0x1ffffcb4        0x4 ./Generated_Code/LED4.o
 .bss.PE_LDD_DeviceDataList
                0x1ffffcb8       0x38 ./Generated_Code/PE_LDD.o
                0x1ffffcb8                PE_LDD_DeviceDataList
 .bss.INT_SPI0__DEFAULT_RTOS_ISRPARAM
                0x1ffffcf0        0x4 ./Generated_Code/SM1.o
 .bss.DeviceDataPrv__DEFAULT_RTOS_ALLOC
                0x1ffffcf4       0x1c ./Generated_Code/SM1.o
 .bss.DeviceDataPrv__DEFAULT_RTOS_ALLOC
                0x1ffffd10        0x4 ./Generated_Code/SW1.o
 .bss.DeviceDataPrv__DEFAULT_RTOS_ALLOC
                0x1ffffd14        0x4 ./Generated_Code/SW2.o
 .bss.DeviceDataPrv__DEFAULT_RTOS_ALLOC
                0x1ffffd18        0x4 ./Generated_Code/SW2LED.o
 .bss.INT_TPM0__DEFAULT_RTOS_ISRPARAM
                0x1ffffd1c        0x4 ./Generated_Code/TU1.o
 .bss.DeviceDataPrv__DEFAULT_RTOS_ALLOC
                0x1ffffd20        0xc ./Generated_Code/TU1.o
 .bss.DeviceDataPrv__DEFAULT_RTOS_ALLOC
                0x1ffffd2c        0xc ./Generated_Code/TimerIntLdd1.o
 *(COMMON)
 COMMON         0x1ffffd38      0x1f2 ./Sources/main.o
                0x1ffffd38                Params
                0x1ffffd40                adcchannels
                0x1ffffd58                Settings
                0x1ffffda4                MainRandom
                0x1ffffda8                Pattern
 *fill*         0x1fffff2a        0x2 
 COMMON         0x1fffff2c       0x10 ./Generated_Code/AD1.o
                0x1fffff2c                AD1_OutV
                0x1fffff38                AdcLdd1_DeviceDataPtr
 COMMON         0x1fffff3c        0x1 ./Generated_Code/Cpu.o
                0x1fffff3c                SR_reg
                0x1fffff40                . = ALIGN (0x4)
 *fill*         0x1fffff3d        0x3 
                0x1fffff40                __END_BSS = .
                0x1fffff40                PROVIDE (__bss_end__, __END_BSS)
                0x000030fc                _romp_at = (___ROM_AT + SIZEOF (.data))

.romp           0x1fffff40       0x18 load address 0x000030fc
                0x000030fc                __S_romp = _romp_at
                0x1fffff40        0x4 LONG 0x30e8 ___ROM_AT
                0x1fffff44        0x4 LONG 0x1ffffc00 _sdata
                0x1fffff48        0x4 LONG 0x14 ___data_size
                0x1fffff4c        0x4 LONG 0x0
                0x1fffff50        0x4 LONG 0x0
                0x1fffff54        0x4 LONG 0x0
                0x00008000                text_end = (ORIGIN (m_text) + 0x7bf0)
                0x00003114                data_init_end = ((___ROM_AT + SIZEOF (.data)) + SIZEOF (.romp))
                0x00000001                ASSERT ((data_init_end <= text_end), region m_text overflowed with text and data)

._user_heap_stack
                0x1fffff58      0x200 load address 0x00003114
                0x1fffff58                . = ALIGN (0x4)
                0x1fffff58                PROVIDE (end, .)
                0x1fffff58                PROVIDE (_end, .)
                0x1fffff58                PROVIDE (__end__, .)
                0x1fffff58                __heap_addr = .
                0x1fffff58                __HeapBase = .
                0x20000058                . = (. + __heap_size)
 *fill*         0x1fffff58      0x100 
                0x20000058                __HeapLimit = .
                0x20000158                . = (. + __stack_size)
 *fill*         0x20000058      0x100 
                0x20000158                . = ALIGN (0x4)

.ARM.attributes
                0x00000000       0x28
 *(.ARM.attributes)
 .ARM.attributes
                0x00000000       0x1e c:/freescale/kds_v3/toolchain/bin/../lib/gcc/arm-none-eabi/4.8.4/armv6-m/crti.o
 .ARM.attributes
                0x0000001e       0x2c c:/freescale/kds_v3/toolchain/bin/../lib/gcc/arm-none-eabi/4.8.4/armv6-m/crtbegin.o
 .ARM.attributes
                0x0000004a       0x32 ./Sources/DAC.o
 .ARM.attributes
                0x0000007c       0x32 ./Sources/Events.o
 .ARM.attributes
                0x000000ae       0x32 ./Sources/PatternGen.o
 .ARM.attributes
                0x000000e0       0x32 ./Sources/main.o
 .ARM.attributes
                0x00000112       0x32 ./Project_Settings/Startup_Code/startup.o
 .ARM.attributes
                0x00000144       0x32 ./Generated_Code/AD1.o
 .ARM.attributes
                0x00000176       0x32 ./Generated_Code/AdcLdd1.o
 .ARM.attributes
                0x000001a8       0x32 ./Generated_Code/Cpu.o
 .ARM.attributes
                0x000001da       0x32 ./Generated_Code/DACSEL.o
 .ARM.attributes
                0x0000020c       0x32 ./Generated_Code/EInt1.o
 .ARM.attributes
                0x0000023e       0x32 ./Generated_Code/GATE.o
 .ARM.attributes
                0x00000270       0x32 ./Generated_Code/LED1.o
 .ARM.attributes
                0x000002a2       0x32 ./Generated_Code/LED2.o
 .ARM.attributes
                0x000002d4       0x32 ./Generated_Code/LED3.o
 .ARM.attributes
                0x00000306       0x32 ./Generated_Code/LED4.o
 .ARM.attributes
                0x00000338       0x32 ./Generated_Code/PE_LDD.o
 .ARM.attributes
                0x0000036a       0x32 ./Generated_Code/PTA.o
 .ARM.attributes
                0x0000039c       0x32 ./Generated_Code/SM1.o
 .ARM.attributes
                0x000003ce       0x32 ./Generated_Code/SW1.o
 .ARM.attributes
                0x00000400       0x32 ./Generated_Code/SW2.o
 .ARM.attributes
                0x00000432       0x32 ./Generated_Code/SW2LED.o
 .ARM.attributes
                0x00000464       0x32 ./Generated_Code/TI1.o
 .ARM.attributes
                0x00000496       0x32 ./Generated_Code/TU1.o
 .ARM.attributes
                0x000004c8       0x32 ./Generated_Code/TimerIntLdd1.o
 .ARM.attributes
                0x000004fa       0x32 ./Generated_Code/Vectors.o
 .ARM.attributes
                0x0000052c       0x1e c:/freescale/kds_v3/toolchain/bin/../lib/gcc/arm-none-eabi/4.8.4/armv6-m\libgcc.a(_thumb1_case_uqi.o)
 .ARM.attributes
                0x0000054a       0x1e c:/freescale/kds_v3/toolchain/bin/../lib/gcc/arm-none-eabi/4.8.4/armv6-m\libgcc.a(_divsi3.o)
 .ARM.attributes
                0x00000568       0x1e c:/freescale/kds_v3/toolchain/bin/../lib/gcc/arm-none-eabi/4.8.4/armv6-m\libgcc.a(_dvmd_tls.o)
 .ARM.attributes
                0x00000586       0x1e c:/freescale/kds_v3/toolchain/bin/../lib/gcc/arm-none-eabi/4.8.4/armv6-m\libgcc.a(_arm_cmpdf2.o)
 .ARM.attributes
                0x000005a4       0x2c c:/freescale/kds_v3/toolchain/bin/../lib/gcc/arm-none-eabi/4.8.4/armv6-m\libgcc.a(_muldi3.o)
 .ARM.attributes
                0x000005d0       0x2c c:/freescale/kds_v3/toolchain/bin/../lib/gcc/arm-none-eabi/4.8.4/armv6-m\libgcc.a(divdf3.o)
 .ARM.attributes
                0x000005fc       0x2c c:/freescale/kds_v3/toolchain/bin/../lib/gcc/arm-none-eabi/4.8.4/armv6-m\libgcc.a(eqdf2.o)
 .ARM.attributes
                0x00000628       0x2c c:/freescale/kds_v3/toolchain/bin/../lib/gcc/arm-none-eabi/4.8.4/armv6-m\libgcc.a(gedf2.o)
 .ARM.attributes
                0x00000654       0x2c c:/freescale/kds_v3/toolchain/bin/../lib/gcc/arm-none-eabi/4.8.4/armv6-m\libgcc.a(ledf2.o)
 .ARM.attributes
                0x00000680       0x2c c:/freescale/kds_v3/toolchain/bin/../lib/gcc/arm-none-eabi/4.8.4/armv6-m\libgcc.a(muldf3.o)
 .ARM.attributes
                0x000006ac       0x2c c:/freescale/kds_v3/toolchain/bin/../lib/gcc/arm-none-eabi/4.8.4/armv6-m\libgcc.a(subdf3.o)
 .ARM.attributes
                0x000006d8       0x2c c:/freescale/kds_v3/toolchain/bin/../lib/gcc/arm-none-eabi/4.8.4/armv6-m\libgcc.a(fixdfsi.o)
 .ARM.attributes
                0x00000704       0x2c c:/freescale/kds_v3/toolchain/bin/../lib/gcc/arm-none-eabi/4.8.4/armv6-m\libgcc.a(floatsidf.o)
 .ARM.attributes
                0x00000730       0x1e c:/freescale/kds_v3/toolchain/bin/../lib/gcc/arm-none-eabi/4.8.4/armv6-m\libgcc.a(_udivsi3.o)
 .ARM.attributes
                0x0000074e       0x1e c:/freescale/kds_v3/toolchain/bin/../lib/gcc/arm-none-eabi/4.8.4/armv6-m\libgcc.a(_clzsi2.o)
 .ARM.attributes
                0x0000076c       0x1e c:/freescale/kds_v3/toolchain/bin/../lib/gcc/arm-none-eabi/4.8.4/armv6-m/crtn.o
OUTPUT(SonicScrewdriver.elf elf32-littlearm)

.debug_info     0x00000000     0x6f9d
 .debug_info    0x00000000      0x207 ./Sources/DAC.o
 .debug_info    0x00000207      0x20f ./Sources/Events.o
 .debug_info    0x00000416     0x11f4 ./Sources/PatternGen.o
 .debug_info    0x0000160a      0x89e ./Sources/main.o
 .debug_info    0x00001ea8      0x3b8 ./Project_Settings/Startup_Code/startup.o
 .debug_info    0x00002260      0x50a ./Generated_Code/AD1.o
 .debug_info    0x0000276a      0x883 ./Generated_Code/AdcLdd1.o
 .debug_info    0x00002fed      0xaa2 ./Generated_Code/Cpu.o
 .debug_info    0x00003a8f      0x383 ./Generated_Code/DACSEL.o
 .debug_info    0x00003e12      0x306 ./Generated_Code/EInt1.o
 .debug_info    0x00004118      0x30d ./Generated_Code/GATE.o
 .debug_info    0x00004425      0x383 ./Generated_Code/LED1.o
 .debug_info    0x000047a8      0x383 ./Generated_Code/LED2.o
 .debug_info    0x00004b2b      0x383 ./Generated_Code/LED3.o
 .debug_info    0x00004eae      0x383 ./Generated_Code/LED4.o
 .debug_info    0x00005231      0x258 ./Generated_Code/PE_LDD.o
 .debug_info    0x00005489      0x11f ./Generated_Code/PTA.o
 .debug_info    0x000055a8      0x772 ./Generated_Code/SM1.o
 .debug_info    0x00005d1a      0x30d ./Generated_Code/SW1.o
 .debug_info    0x00006027      0x30d ./Generated_Code/SW2.o
 .debug_info    0x00006334      0x383 ./Generated_Code/SW2LED.o
 .debug_info    0x000066b7       0xc7 ./Generated_Code/TI1.o
 .debug_info    0x0000677e      0x55d ./Generated_Code/TU1.o
 .debug_info    0x00006cdb      0x1b4 ./Generated_Code/TimerIntLdd1.o
 .debug_info    0x00006e8f      0x10e ./Generated_Code/Vectors.o

.debug_abbrev   0x00000000     0x23ea
 .debug_abbrev  0x00000000      0x14d ./Sources/DAC.o
 .debug_abbrev  0x0000014d      0x13c ./Sources/Events.o
 .debug_abbrev  0x00000289      0x325 ./Sources/PatternGen.o
 .debug_abbrev  0x000005ae      0x1f3 ./Sources/main.o
 .debug_abbrev  0x000007a1      0x1f1 ./Project_Settings/Startup_Code/startup.o
 .debug_abbrev  0x00000992      0x1ed ./Generated_Code/AD1.o
 .debug_abbrev  0x00000b7f      0x211 ./Generated_Code/AdcLdd1.o
 .debug_abbrev  0x00000d90      0x1dc ./Generated_Code/Cpu.o
 .debug_abbrev  0x00000f6c      0x154 ./Generated_Code/DACSEL.o
 .debug_abbrev  0x000010c0      0x18f ./Generated_Code/EInt1.o
 .debug_abbrev  0x0000124f      0x11c ./Generated_Code/GATE.o
 .debug_abbrev  0x0000136b      0x154 ./Generated_Code/LED1.o
 .debug_abbrev  0x000014bf      0x154 ./Generated_Code/LED2.o
 .debug_abbrev  0x00001613      0x154 ./Generated_Code/LED3.o
 .debug_abbrev  0x00001767      0x154 ./Generated_Code/LED4.o
 .debug_abbrev  0x000018bb      0x12b ./Generated_Code/PE_LDD.o
 .debug_abbrev  0x000019e6       0x8d ./Generated_Code/PTA.o
 .debug_abbrev  0x00001a73      0x1ec ./Generated_Code/SM1.o
 .debug_abbrev  0x00001c5f      0x11c ./Generated_Code/SW1.o
 .debug_abbrev  0x00001d7b      0x11c ./Generated_Code/SW2.o
 .debug_abbrev  0x00001e97      0x154 ./Generated_Code/SW2LED.o
 .debug_abbrev  0x00001feb       0x86 ./Generated_Code/TI1.o
 .debug_abbrev  0x00002071      0x19c ./Generated_Code/TU1.o
 .debug_abbrev  0x0000220d      0x139 ./Generated_Code/TimerIntLdd1.o
 .debug_abbrev  0x00002346       0xa4 ./Generated_Code/Vectors.o

.debug_loc      0x00000000     0x19a8
 .debug_loc     0x00000000       0x87 ./Sources/DAC.o
 .debug_loc     0x00000087       0x40 ./Sources/Events.o
 .debug_loc     0x000000c7      0xb25 ./Sources/PatternGen.o
 .debug_loc     0x00000bec       0xe5 ./Sources/main.o
 .debug_loc     0x00000cd1      0x156 ./Project_Settings/Startup_Code/startup.o
 .debug_loc     0x00000e27      0x137 ./Generated_Code/AD1.o
 .debug_loc     0x00000f5e      0x1fe ./Generated_Code/AdcLdd1.o
 .debug_loc     0x0000115c       0x69 ./Generated_Code/DACSEL.o
 .debug_loc     0x000011c5       0x43 ./Generated_Code/EInt1.o
 .debug_loc     0x00001208       0x69 ./Generated_Code/GATE.o
 .debug_loc     0x00001271       0x69 ./Generated_Code/LED1.o
 .debug_loc     0x000012da       0x6a ./Generated_Code/LED2.o
 .debug_loc     0x00001344       0x68 ./Generated_Code/LED3.o
 .debug_loc     0x000013ac       0x68 ./Generated_Code/LED4.o
 .debug_loc     0x00001414       0xe3 ./Generated_Code/PE_LDD.o
 .debug_loc     0x000014f7      0x271 ./Generated_Code/SM1.o
 .debug_loc     0x00001768       0x69 ./Generated_Code/SW1.o
 .debug_loc     0x000017d1       0x68 ./Generated_Code/SW2.o
 .debug_loc     0x00001839       0x68 ./Generated_Code/SW2LED.o
 .debug_loc     0x000018a1       0x21 ./Generated_Code/TI1.o
 .debug_loc     0x000018c2       0x95 ./Generated_Code/TU1.o
 .debug_loc     0x00001957       0x51 ./Generated_Code/TimerIntLdd1.o

.debug_aranges  0x00000000      0x610
 .debug_aranges
                0x00000000       0x28 ./Sources/DAC.o
 .debug_aranges
                0x00000028       0x50 ./Sources/Events.o
 .debug_aranges
                0x00000078       0xd8 ./Sources/PatternGen.o
 .debug_aranges
                0x00000150       0x30 ./Sources/main.o
 .debug_aranges
                0x00000180       0x58 ./Project_Settings/Startup_Code/startup.o
 .debug_aranges
                0x000001d8       0x60 ./Generated_Code/AD1.o
 .debug_aranges
                0x00000238       0x60 ./Generated_Code/AdcLdd1.o
 .debug_aranges
                0x00000298       0x40 ./Generated_Code/Cpu.o
 .debug_aranges
                0x000002d8       0x40 ./Generated_Code/DACSEL.o
 .debug_aranges
                0x00000318       0x28 ./Generated_Code/EInt1.o
 .debug_aranges
                0x00000340       0x28 ./Generated_Code/GATE.o
 .debug_aranges
                0x00000368       0x40 ./Generated_Code/LED1.o
 .debug_aranges
                0x000003a8       0x40 ./Generated_Code/LED2.o
 .debug_aranges
                0x000003e8       0x40 ./Generated_Code/LED3.o
 .debug_aranges
                0x00000428       0x40 ./Generated_Code/LED4.o
 .debug_aranges
                0x00000468       0x30 ./Generated_Code/PE_LDD.o
 .debug_aranges
                0x00000498       0x20 ./Generated_Code/PTA.o
 .debug_aranges
                0x000004b8       0x40 ./Generated_Code/SM1.o
 .debug_aranges
                0x000004f8       0x28 ./Generated_Code/SW1.o
 .debug_aranges
                0x00000520       0x28 ./Generated_Code/SW2.o
 .debug_aranges
                0x00000548       0x40 ./Generated_Code/SW2LED.o
 .debug_aranges
                0x00000588       0x20 ./Generated_Code/TI1.o
 .debug_aranges
                0x000005a8       0x28 ./Generated_Code/TU1.o
 .debug_aranges
                0x000005d0       0x28 ./Generated_Code/TimerIntLdd1.o
 .debug_aranges
                0x000005f8       0x18 ./Generated_Code/Vectors.o

.debug_ranges   0x00000000      0x580
 .debug_ranges  0x00000000       0x18 ./Sources/DAC.o
 .debug_ranges  0x00000018       0x40 ./Sources/Events.o
 .debug_ranges  0x00000058      0x188 ./Sources/PatternGen.o
 .debug_ranges  0x000001e0       0x20 ./Sources/main.o
 .debug_ranges  0x00000200       0x60 ./Project_Settings/Startup_Code/startup.o
 .debug_ranges  0x00000260       0x50 ./Generated_Code/AD1.o
 .debug_ranges  0x000002b0       0x68 ./Generated_Code/AdcLdd1.o
 .debug_ranges  0x00000318       0x30 ./Generated_Code/Cpu.o
 .debug_ranges  0x00000348       0x30 ./Generated_Code/DACSEL.o
 .debug_ranges  0x00000378       0x18 ./Generated_Code/EInt1.o
 .debug_ranges  0x00000390       0x18 ./Generated_Code/GATE.o
 .debug_ranges  0x000003a8       0x30 ./Generated_Code/LED1.o
 .debug_ranges  0x000003d8       0x30 ./Generated_Code/LED2.o
 .debug_ranges  0x00000408       0x30 ./Generated_Code/LED3.o
 .debug_ranges  0x00000438       0x30 ./Generated_Code/LED4.o
 .debug_ranges  0x00000468       0x20 ./Generated_Code/PE_LDD.o
 .debug_ranges  0x00000488       0x10 ./Generated_Code/PTA.o
 .debug_ranges  0x00000498       0x48 ./Generated_Code/SM1.o
 .debug_ranges  0x000004e0       0x18 ./Generated_Code/SW1.o
 .debug_ranges  0x000004f8       0x18 ./Generated_Code/SW2.o
 .debug_ranges  0x00000510       0x30 ./Generated_Code/SW2LED.o
 .debug_ranges  0x00000540       0x10 ./Generated_Code/TI1.o
 .debug_ranges  0x00000550       0x18 ./Generated_Code/TU1.o
 .debug_ranges  0x00000568       0x18 ./Generated_Code/TimerIntLdd1.o

.debug_macro    0x00000000     0xaee7
 .debug_macro   0x00000000       0xc8 ./Sources/DAC.o
 .debug_macro   0x000000c8      0x808 ./Sources/DAC.o
 .debug_macro   0x000008d0       0x16 ./Sources/DAC.o
 .debug_macro   0x000008e6       0x44 ./Sources/DAC.o
 .debug_macro   0x0000092a      0x209 ./Sources/DAC.o
 .debug_macro   0x00000b33     0x15ca ./Sources/DAC.o
 .debug_macro   0x000020fd      0x14e ./Sources/DAC.o
 .debug_macro   0x0000224b       0x5e ./Sources/DAC.o
 .debug_macro   0x000022a9     0x3e12 ./Sources/DAC.o
 .debug_macro   0x000060bb       0x9a ./Sources/DAC.o
 .debug_macro   0x00006155       0x94 ./Sources/DAC.o
 .debug_macro   0x000061e9      0x642 ./Sources/DAC.o
 .debug_macro   0x0000682b       0x4a ./Sources/DAC.o
 .debug_macro   0x00006875      0x132 ./Sources/DAC.o
 .debug_macro   0x000069a7       0x40 ./Sources/DAC.o
 .debug_macro   0x000069e7      0x1bc ./Sources/Events.o
 .debug_macro   0x00006ba3       0x94 ./Sources/Events.o
 .debug_macro   0x00006c37      0x5e8 ./Sources/Events.o
 .debug_macro   0x0000721f       0x7b ./Sources/Events.o
 .debug_macro   0x0000729a       0x12 ./Sources/Events.o
 .debug_macro   0x000072ac       0x16 ./Sources/Events.o
 .debug_macro   0x000072c2       0x34 ./Sources/Events.o
 .debug_macro   0x000072f6      0x4ea ./Sources/Events.o
 .debug_macro   0x000077e0       0x22 ./Sources/Events.o
 .debug_macro   0x00007802       0x34 ./Sources/Events.o
 .debug_macro   0x00007836       0x34 ./Sources/Events.o
 .debug_macro   0x0000786a      0x648 ./Sources/Events.o
 .debug_macro   0x00007eb2      0x1c4 ./Sources/Events.o
 .debug_macro   0x00008076       0x4a ./Sources/Events.o
 .debug_macro   0x000080c0       0x1c ./Sources/Events.o
 .debug_macro   0x000080dc       0x46 ./Sources/Events.o
 .debug_macro   0x00008122       0x46 ./Sources/Events.o
 .debug_macro   0x00008168       0x46 ./Sources/Events.o
 .debug_macro   0x000081ae       0x46 ./Sources/Events.o
 .debug_macro   0x000081f4       0x46 ./Sources/Events.o
 .debug_macro   0x0000823a       0x4c ./Sources/PatternGen.o
 .debug_macro   0x00008286      0x25d ./Sources/main.o
 .debug_macro   0x000084e3       0x58 ./Sources/main.o
 .debug_macro   0x0000853b       0x35 ./Sources/main.o
 .debug_macro   0x00008570       0xa3 ./Sources/main.o
 .debug_macro   0x00008613      0x166 ./Sources/main.o
 .debug_macro   0x00008779       0x52 ./Sources/main.o
 .debug_macro   0x000087cb       0x16 ./Sources/main.o
 .debug_macro   0x000087e1       0x43 ./Sources/main.o
 .debug_macro   0x00008824      0x180 ./Sources/main.o
 .debug_macro   0x000089a4       0xde ./Sources/main.o
 .debug_macro   0x00008a82      0x102 ./Project_Settings/Startup_Code/startup.o
 .debug_macro   0x00008b84       0x4a ./Project_Settings/Startup_Code/startup.o
 .debug_macro   0x00008bce      0x2a6 ./Project_Settings/Startup_Code/startup.o
 .debug_macro   0x00008e74       0x10 ./Project_Settings/Startup_Code/startup.o
 .debug_macro   0x00008e84       0x35 ./Project_Settings/Startup_Code/startup.o
 .debug_macro   0x00008eb9       0x16 ./Project_Settings/Startup_Code/startup.o
 .debug_macro   0x00008ecf       0x22 ./Project_Settings/Startup_Code/startup.o
 .debug_macro   0x00008ef1      0x1ca ./Generated_Code/AD1.o
 .debug_macro   0x000090bb       0xd5 ./Generated_Code/AdcLdd1.o
 .debug_macro   0x00009190      0x1ee ./Generated_Code/Cpu.o
 .debug_macro   0x0000937e       0x40 ./Generated_Code/Cpu.o
 .debug_macro   0x000093be      0x5ee ./Generated_Code/Cpu.o
 .debug_macro   0x000099ac       0x46 ./Generated_Code/Cpu.o
 .debug_macro   0x000099f2       0xa6 ./Generated_Code/DACSEL.o
 .debug_macro   0x00009a98      0x12c ./Generated_Code/DACSEL.o
 .debug_macro   0x00009bc4      0x1ac ./Generated_Code/EInt1.o
 .debug_macro   0x00009d70       0xa6 ./Generated_Code/GATE.o
 .debug_macro   0x00009e16       0x2e ./Generated_Code/GATE.o
 .debug_macro   0x00009e44       0xa6 ./Generated_Code/LED1.o
 .debug_macro   0x00009eea       0x40 ./Generated_Code/LED1.o
 .debug_macro   0x00009f2a       0xa6 ./Generated_Code/LED2.o
 .debug_macro   0x00009fd0       0xa6 ./Generated_Code/LED3.o
 .debug_macro   0x0000a076       0x40 ./Generated_Code/LED3.o
 .debug_macro   0x0000a0b6       0xa6 ./Generated_Code/LED4.o
 .debug_macro   0x0000a15c       0x40 ./Generated_Code/LED4.o
 .debug_macro   0x0000a19c      0x18b ./Generated_Code/PE_LDD.o
 .debug_macro   0x0000a327       0x8e ./Generated_Code/PTA.o
 .debug_macro   0x0000a3b5       0x10 ./Generated_Code/PTA.o
 .debug_macro   0x0000a3c5      0x1c5 ./Generated_Code/SM1.o
 .debug_macro   0x0000a58a       0xa6 ./Generated_Code/SW1.o
 .debug_macro   0x0000a630       0x2e ./Generated_Code/SW1.o
 .debug_macro   0x0000a65e       0xa6 ./Generated_Code/SW2.o
 .debug_macro   0x0000a704       0x2e ./Generated_Code/SW2.o
 .debug_macro   0x0000a732       0xa6 ./Generated_Code/SW2LED.o
 .debug_macro   0x0000a7d8       0x40 ./Generated_Code/SW2LED.o
 .debug_macro   0x0000a818      0x1ac ./Generated_Code/TI1.o
 .debug_macro   0x0000a9c4       0xbb ./Generated_Code/TU1.o
 .debug_macro   0x0000aa7f      0x1be ./Generated_Code/TU1.o
 .debug_macro   0x0000ac3d       0xc5 ./Generated_Code/TimerIntLdd1.o
 .debug_macro   0x0000ad02      0x1e5 ./Generated_Code/Vectors.o

.debug_line     0x00000000     0x55ab
 .debug_line    0x00000000      0x2e7 ./Sources/DAC.o
 .debug_line    0x000002e7      0x413 ./Sources/Events.o
 .debug_line    0x000006fa      0x50a ./Sources/PatternGen.o
 .debug_line    0x00000c04      0x4dc ./Sources/main.o
 .debug_line    0x000010e0      0x323 ./Project_Settings/Startup_Code/startup.o
 .debug_line    0x00001403      0x4d4 ./Generated_Code/AD1.o
 .debug_line    0x000018d7      0x388 ./Generated_Code/AdcLdd1.o
 .debug_line    0x00001c5f      0x52f ./Generated_Code/Cpu.o
 .debug_line    0x0000218e      0x2c4 ./Generated_Code/DACSEL.o
 .debug_line    0x00002452      0x404 ./Generated_Code/EInt1.o
 .debug_line    0x00002856      0x287 ./Generated_Code/GATE.o
 .debug_line    0x00002add      0x2c0 ./Generated_Code/LED1.o
 .debug_line    0x00002d9d      0x2c0 ./Generated_Code/LED2.o
 .debug_line    0x0000305d      0x2c0 ./Generated_Code/LED3.o
 .debug_line    0x0000331d      0x2c0 ./Generated_Code/LED4.o
 .debug_line    0x000035dd      0x37b ./Generated_Code/PE_LDD.o
 .debug_line    0x00003958      0x205 ./Generated_Code/PTA.o
 .debug_line    0x00003b5d      0x4b2 ./Generated_Code/SM1.o
 .debug_line    0x0000400f      0x285 ./Generated_Code/SW1.o
 .debug_line    0x00004294      0x285 ./Generated_Code/SW2.o
 .debug_line    0x00004519      0x2c4 ./Generated_Code/SW2LED.o
 .debug_line    0x000047dd      0x3d1 ./Generated_Code/TI1.o
 .debug_line    0x00004bae      0x2b8 ./Generated_Code/TU1.o
 .debug_line    0x00004e66      0x2a2 ./Generated_Code/TimerIntLdd1.o
 .debug_line    0x00005108      0x4a3 ./Generated_Code/Vectors.o

.debug_str      0x00000000    0x33c90
 .debug_str     0x00000000    0x24fe6 ./Sources/DAC.o
                              0x253e5 (size before relaxing)
 .debug_str     0x00024fe6     0xa955 ./Sources/Events.o
                              0x2fc65 (size before relaxing)
 .debug_str     0x0002f93b      0x334 ./Sources/PatternGen.o
                               0x3107 (size before relaxing)
 .debug_str     0x0002fc6f     0x1d48 ./Sources/main.o
                              0x31b45 (size before relaxing)
 .debug_str     0x000319b7     0x114b ./Project_Settings/Startup_Code/startup.o
                               0x4bcb (size before relaxing)
 .debug_str     0x00032b02      0x215 ./Generated_Code/AD1.o
                              0x2fe5a (size before relaxing)
 .debug_str     0x00032d17      0x41e ./Generated_Code/AdcLdd1.o
                              0x245a5 (size before relaxing)
 .debug_str     0x00033135      0x248 ./Generated_Code/Cpu.o
                              0x2ff99 (size before relaxing)
 .debug_str     0x0003337d       0x86 ./Generated_Code/DACSEL.o
                              0x1fe0c (size before relaxing)
 .debug_str     0x00033403       0x6d ./Generated_Code/EInt1.o
                              0x2fd29 (size before relaxing)
 .debug_str     0x00033470       0x4a ./Generated_Code/GATE.o
                              0x1fd6c (size before relaxing)
 .debug_str     0x000334ba       0x62 ./Generated_Code/LED1.o
                              0x1fde4 (size before relaxing)
 .debug_str     0x0003351c       0x56 ./Generated_Code/LED2.o
                              0x1fde6 (size before relaxing)
 .debug_str     0x00033572       0x56 ./Generated_Code/LED3.o
                              0x1fde4 (size before relaxing)
 .debug_str     0x000335c8       0x56 ./Generated_Code/LED4.o
                              0x1fde4 (size before relaxing)
 .debug_str     0x0003361e      0x17e ./Generated_Code/PE_LDD.o
                              0x2fd4a (size before relaxing)
 .debug_str     0x0003379c       0x18 ./Generated_Code/PTA.o
                              0x1ee3e (size before relaxing)
 .debug_str     0x000337b4      0x1ed ./Generated_Code/SM1.o
                              0x2ffe0 (size before relaxing)
 .debug_str     0x000339a1       0x46 ./Generated_Code/SW1.o
                              0x1fd5e (size before relaxing)
 .debug_str     0x000339e7       0x3b ./Generated_Code/SW2.o
                              0x1fd5e (size before relaxing)
 .debug_str     0x00033a22       0x60 ./Generated_Code/SW2LED.o
                              0x1fe0c (size before relaxing)
 .debug_str     0x00033a82       0x31 ./Generated_Code/TI1.o
                              0x2fbcf (size before relaxing)
 .debug_str     0x00033ab3      0x12a ./Generated_Code/TU1.o
                              0x2107d (size before relaxing)
 .debug_str     0x00033bdd       0x97 ./Generated_Code/TimerIntLdd1.o
                              0x20f10 (size before relaxing)
 .debug_str     0x00033c74       0x1c ./Generated_Code/Vectors.o
                              0x2fbdd (size before relaxing)

.comment        0x00000000       0x70
 .comment       0x00000000       0x70 ./Sources/DAC.o
                                 0x71 (size before relaxing)
 .comment       0x00000000       0x71 ./Sources/Events.o
 .comment       0x00000000       0x71 ./Sources/PatternGen.o
 .comment       0x00000000       0x71 ./Sources/main.o
 .comment       0x00000000       0x71 ./Project_Settings/Startup_Code/startup.o
 .comment       0x00000000       0x71 ./Generated_Code/AD1.o
 .comment       0x00000000       0x71 ./Generated_Code/AdcLdd1.o
 .comment       0x00000000       0x71 ./Generated_Code/Cpu.o
 .comment       0x00000000       0x71 ./Generated_Code/DACSEL.o
 .comment       0x00000000       0x71 ./Generated_Code/EInt1.o
 .comment       0x00000000       0x71 ./Generated_Code/GATE.o
 .comment       0x00000000       0x71 ./Generated_Code/LED1.o
 .comment       0x00000000       0x71 ./Generated_Code/LED2.o
 .comment       0x00000000       0x71 ./Generated_Code/LED3.o
 .comment       0x00000000       0x71 ./Generated_Code/LED4.o
 .comment       0x00000000       0x71 ./Generated_Code/PE_LDD.o
 .comment       0x00000000       0x71 ./Generated_Code/PTA.o
 .comment       0x00000000       0x71 ./Generated_Code/SM1.o
 .comment       0x00000000       0x71 ./Generated_Code/SW1.o
 .comment       0x00000000       0x71 ./Generated_Code/SW2.o
 .comment       0x00000000       0x71 ./Generated_Code/SW2LED.o
 .comment       0x00000000       0x71 ./Generated_Code/TI1.o
 .comment       0x00000000       0x71 ./Generated_Code/TU1.o
 .comment       0x00000000       0x71 ./Generated_Code/TimerIntLdd1.o
 .comment       0x00000000       0x71 ./Generated_Code/Vectors.o

.debug_frame    0x00000000      0xd98
 .debug_frame   0x00000000       0x48 ./Sources/DAC.o
 .debug_frame   0x00000048       0xa0 ./Sources/Events.o
 .debug_frame   0x000000e8      0x240 ./Sources/PatternGen.o
 .debug_frame   0x00000328       0x68 ./Sources/main.o
 .debug_frame   0x00000390       0xb4 ./Project_Settings/Startup_Code/startup.o
 .debug_frame   0x00000444       0xf4 ./Generated_Code/AD1.o
 .debug_frame   0x00000538       0xe8 ./Generated_Code/AdcLdd1.o
 .debug_frame   0x00000620       0x84 ./Generated_Code/Cpu.o
 .debug_frame   0x000006a4       0x60 ./Generated_Code/DACSEL.o
 .debug_frame   0x00000704       0x40 ./Generated_Code/EInt1.o
 .debug_frame   0x00000744       0x30 ./Generated_Code/GATE.o
 .debug_frame   0x00000774       0x60 ./Generated_Code/LED1.o
 .debug_frame   0x000007d4       0x60 ./Generated_Code/LED2.o
 .debug_frame   0x00000834       0x60 ./Generated_Code/LED3.o
 .debug_frame   0x00000894       0x60 ./Generated_Code/LED4.o
 .debug_frame   0x000008f4       0x40 ./Generated_Code/PE_LDD.o
 .debug_frame   0x00000934       0x20 ./Generated_Code/PTA.o
 .debug_frame   0x00000954       0xa4 ./Generated_Code/SM1.o
 .debug_frame   0x000009f8       0x30 ./Generated_Code/SW1.o
 .debug_frame   0x00000a28       0x30 ./Generated_Code/SW2.o
 .debug_frame   0x00000a58       0x60 ./Generated_Code/SW2LED.o
 .debug_frame   0x00000ab8       0x28 ./Generated_Code/TI1.o
 .debug_frame   0x00000ae0       0x44 ./Generated_Code/TU1.o
 .debug_frame   0x00000b24       0x44 ./Generated_Code/TimerIntLdd1.o
 .debug_frame   0x00000b68       0x20 c:/freescale/kds_v3/toolchain/bin/../lib/gcc/arm-none-eabi/4.8.4/armv6-m\libgcc.a(_divsi3.o)
 .debug_frame   0x00000b88       0x30 c:/freescale/kds_v3/toolchain/bin/../lib/gcc/arm-none-eabi/4.8.4/armv6-m\libgcc.a(_muldi3.o)
 .debug_frame   0x00000bb8       0x3c c:/freescale/kds_v3/toolchain/bin/../lib/gcc/arm-none-eabi/4.8.4/armv6-m\libgcc.a(divdf3.o)
 .debug_frame   0x00000bf4       0x3c c:/freescale/kds_v3/toolchain/bin/../lib/gcc/arm-none-eabi/4.8.4/armv6-m\libgcc.a(eqdf2.o)
 .debug_frame   0x00000c30       0x38 c:/freescale/kds_v3/toolchain/bin/../lib/gcc/arm-none-eabi/4.8.4/armv6-m\libgcc.a(gedf2.o)
 .debug_frame   0x00000c68       0x3c c:/freescale/kds_v3/toolchain/bin/../lib/gcc/arm-none-eabi/4.8.4/armv6-m\libgcc.a(ledf2.o)
 .debug_frame   0x00000ca4       0x3c c:/freescale/kds_v3/toolchain/bin/../lib/gcc/arm-none-eabi/4.8.4/armv6-m\libgcc.a(muldf3.o)
 .debug_frame   0x00000ce0       0x3c c:/freescale/kds_v3/toolchain/bin/../lib/gcc/arm-none-eabi/4.8.4/armv6-m\libgcc.a(subdf3.o)
 .debug_frame   0x00000d1c       0x2c c:/freescale/kds_v3/toolchain/bin/../lib/gcc/arm-none-eabi/4.8.4/armv6-m\libgcc.a(fixdfsi.o)
 .debug_frame   0x00000d48       0x30 c:/freescale/kds_v3/toolchain/bin/../lib/gcc/arm-none-eabi/4.8.4/armv6-m\libgcc.a(floatsidf.o)
 .debug_frame   0x00000d78       0x20 c:/freescale/kds_v3/toolchain/bin/../lib/gcc/arm-none-eabi/4.8.4/armv6-m\libgcc.a(_udivsi3.o)
