Archive member included because of file (symbol)

c:/freescale/kds_v3/toolchain/bin/../lib/gcc/arm-none-eabi/4.8.4/armv6-m\libgcc.a(_udivsi3.o)
                              ./Sources/EdgeCutter2.o (__aeabi_uidiv)
c:/freescale/kds_v3/toolchain/bin/../lib/gcc/arm-none-eabi/4.8.4/armv6-m\libgcc.a(_divsi3.o)
                              ./Sources/EdgeCutter2.o (__aeabi_idiv)
c:/freescale/kds_v3/toolchain/bin/../lib/gcc/arm-none-eabi/4.8.4/armv6-m\libgcc.a(_dvmd_tls.o)
                              c:/freescale/kds_v3/toolchain/bin/../lib/gcc/arm-none-eabi/4.8.4/armv6-m\libgcc.a(_udivsi3.o) (__aeabi_idiv0)
c:/freescale/kds_v3/toolchain/bin/../lib/gcc/arm-none-eabi/4.8.4/armv6-m\libgcc.a(_clzsi2.o)
                              ./Sources/main.o (__clzsi2)
c:/freescale/kds_v3/toolchain/bin/../lib/gcc/arm-none-eabi/4.8.4/armv6-m\libgcc.a(_muldi3.o)
                              ./Sources/EdgeCutter2.o (__aeabi_lmul)
c:/freescale/kds_v3/toolchain/bin/../lib/gcc/arm-none-eabi/4.8.4/../../../../arm-none-eabi/lib/armv6-m\libg_s.a(lib_a-exit.o)
                              c:/freescale/kds_v3/toolchain/bin/../lib/gcc/arm-none-eabi/4.8.4/../../../../arm-none-eabi/lib/armv6-m/rdimon-crt0.o (exit)
c:/freescale/kds_v3/toolchain/bin/../lib/gcc/arm-none-eabi/4.8.4/../../../../arm-none-eabi/lib/armv6-m\libg_s.a(lib_a-impure.o)
                              c:/freescale/kds_v3/toolchain/bin/../lib/gcc/arm-none-eabi/4.8.4/../../../../arm-none-eabi/lib/armv6-m\libg_s.a(lib_a-exit.o) (_global_impure_ptr)
c:/freescale/kds_v3/toolchain/bin/../lib/gcc/arm-none-eabi/4.8.4/../../../../arm-none-eabi/lib/armv6-m\libg_s.a(lib_a-init.o)
                              c:/freescale/kds_v3/toolchain/bin/../lib/gcc/arm-none-eabi/4.8.4/../../../../arm-none-eabi/lib/armv6-m/rdimon-crt0.o (__libc_init_array)
c:/freescale/kds_v3/toolchain/bin/../lib/gcc/arm-none-eabi/4.8.4/../../../../arm-none-eabi/lib/armv6-m\libg_s.a(lib_a-memcpy-stub.o)
                              ./Generated_Code/EE241.o (memcpy)
c:/freescale/kds_v3/toolchain/bin/../lib/gcc/arm-none-eabi/4.8.4/../../../../arm-none-eabi/lib/armv6-m\libg_s.a(lib_a-memset.o)
                              c:/freescale/kds_v3/toolchain/bin/../lib/gcc/arm-none-eabi/4.8.4/../../../../arm-none-eabi/lib/armv6-m/rdimon-crt0.o (memset)
c:/freescale/kds_v3/toolchain/bin/../lib/gcc/arm-none-eabi/4.8.4/../../../../arm-none-eabi/lib/armv6-m\librdimon_s.a(rdimon-syscalls.o)
                              c:/freescale/kds_v3/toolchain/bin/../lib/gcc/arm-none-eabi/4.8.4/../../../../arm-none-eabi/lib/armv6-m/rdimon-crt0.o (initialise_monitor_handles)
c:/freescale/kds_v3/toolchain/bin/../lib/gcc/arm-none-eabi/4.8.4/../../../../arm-none-eabi/lib/armv6-m\libc_s.a(lib_a-errno.o)
                              c:/freescale/kds_v3/toolchain/bin/../lib/gcc/arm-none-eabi/4.8.4/../../../../arm-none-eabi/lib/armv6-m\librdimon_s.a(rdimon-syscalls.o) (__errno)
c:/freescale/kds_v3/toolchain/bin/../lib/gcc/arm-none-eabi/4.8.4/../../../../arm-none-eabi/lib/armv6-m\libc_s.a(lib_a-findfp.o)
                              c:/freescale/kds_v3/toolchain/bin/../lib/gcc/arm-none-eabi/4.8.4/../../../../arm-none-eabi/lib/armv6-m\librdimon_s.a(rdimon-syscalls.o) (__sinit)
c:/freescale/kds_v3/toolchain/bin/../lib/gcc/arm-none-eabi/4.8.4/../../../../arm-none-eabi/lib/armv6-m\libc_s.a(lib_a-fwalk.o)
                              c:/freescale/kds_v3/toolchain/bin/../lib/gcc/arm-none-eabi/4.8.4/../../../../arm-none-eabi/lib/armv6-m\libc_s.a(lib_a-findfp.o) (_fwalk)
c:/freescale/kds_v3/toolchain/bin/../lib/gcc/arm-none-eabi/4.8.4/../../../../arm-none-eabi/lib/armv6-m\libc_s.a(lib_a-nano-mallocr.o)
                              c:/freescale/kds_v3/toolchain/bin/../lib/gcc/arm-none-eabi/4.8.4/../../../../arm-none-eabi/lib/armv6-m\libc_s.a(lib_a-findfp.o) (_malloc_r)
c:/freescale/kds_v3/toolchain/bin/../lib/gcc/arm-none-eabi/4.8.4/../../../../arm-none-eabi/lib/armv6-m\libc_s.a(lib_a-sbrkr.o)
                              c:/freescale/kds_v3/toolchain/bin/../lib/gcc/arm-none-eabi/4.8.4/../../../../arm-none-eabi/lib/armv6-m\libc_s.a(lib_a-nano-mallocr.o) (_sbrk_r)
c:/freescale/kds_v3/toolchain/bin/../lib/gcc/arm-none-eabi/4.8.4/../../../../arm-none-eabi/lib/armv6-m\libc_s.a(lib_a-stdio.o)
                              c:/freescale/kds_v3/toolchain/bin/../lib/gcc/arm-none-eabi/4.8.4/../../../../arm-none-eabi/lib/armv6-m\libc_s.a(lib_a-findfp.o) (__sread)
c:/freescale/kds_v3/toolchain/bin/../lib/gcc/arm-none-eabi/4.8.4/../../../../arm-none-eabi/lib/armv6-m\libc_s.a(lib_a-strlen.o)
                              c:/freescale/kds_v3/toolchain/bin/../lib/gcc/arm-none-eabi/4.8.4/../../../../arm-none-eabi/lib/armv6-m\librdimon_s.a(rdimon-syscalls.o) (strlen)
c:/freescale/kds_v3/toolchain/bin/../lib/gcc/arm-none-eabi/4.8.4/../../../../arm-none-eabi/lib/armv6-m\libc_s.a(lib_a-writer.o)
                              c:/freescale/kds_v3/toolchain/bin/../lib/gcc/arm-none-eabi/4.8.4/../../../../arm-none-eabi/lib/armv6-m\libc_s.a(lib_a-stdio.o) (_write_r)
[...]
Memory Configuration

Name             Origin             Length             Attributes
m_interrupts     0x00002000         0x000000c0         xr
m_text           0x00002410         0x00005bf0         xr
m_data           0x1ffffc00         0x00001000         rw
m_cfmprotrom     0x00000400         0x00000010         xr
*default*        0x00000000         0xffffffff

Linker script and memory map

LOAD c:/freescale/kds_v3/toolchain/bin/../lib/gcc/arm-none-eabi/4.8.4/armv6-m/crti.o
LOAD c:/freescale/kds_v3/toolchain/bin/../lib/gcc/arm-none-eabi/4.8.4/armv6-m/crtbegin.o
LOAD c:/freescale/kds_v3/toolchain/bin/../lib/gcc/arm-none-eabi/4.8.4/../../../../arm-none-eabi/lib/armv6-m/rdimon-crt0.o
LOAD ./Sources/EdgeCutter2.o
LOAD ./Sources/Events.o
LOAD ./Sources/exit.o
LOAD ./Sources/main.o
LOAD ./Project_Settings/Startup_Code/startup.o
LOAD ./Generated_Code/AD1.o
LOAD ./Generated_Code/AdcLdd1.o
LOAD ./Generated_Code/CI2C1.o
LOAD ./Generated_Code/CLOCK.o
LOAD ./Generated_Code/CLOCKINT.o
LOAD ./Generated_Code/Cpu.o
LOAD ./Generated_Code/DACSEL.o
LOAD ./Generated_Code/DATA.o
LOAD ./Generated_Code/EE241.o
LOAD ./Generated_Code/GI2C1.o
LOAD ./Generated_Code/IntI2cLdd1.o
LOAD ./Generated_Code/JACK_RETRIGGER.o
LOAD ./Generated_Code/KSDK1.o
LOAD ./Generated_Code/LATCH.o
LOAD ./Generated_Code/PE_LDD.o
LOAD ./Generated_Code/PTA.o
LOAD ./Generated_Code/PTB.o
LOAD ./Generated_Code/SW_MODE.o
LOAD ./Generated_Code/SW_SPEED.o
LOAD ./Generated_Code/SW_TRIGGER.o
LOAD ./Generated_Code/TI1.o
LOAD ./Generated_Code/TU1.o
LOAD ./Generated_Code/TimerIntLdd1.o
LOAD ./Generated_Code/Vectors.o
LOAD ./Generated_Code/WAIT1.o
LOAD c:/freescale/kds_v3/toolchain/bin/../lib/gcc/arm-none-eabi/4.8.4/../../../../arm-none-eabi/lib/armv6-m\libstdc++_s.a
LOAD c:/freescale/kds_v3/toolchain/bin/../lib/gcc/arm-none-eabi/4.8.4/../../../../arm-none-eabi/lib/armv6-m\libm.a
START GROUP
LOAD c:/freescale/kds_v3/toolchain/bin/../lib/gcc/arm-none-eabi/4.8.4/armv6-m\libgcc.a
LOAD c:/freescale/kds_v3/toolchain/bin/../lib/gcc/arm-none-eabi/4.8.4/../../../../arm-none-eabi/lib/armv6-m\libg_s.a
LOAD c:/freescale/kds_v3/toolchain/bin/../lib/gcc/arm-none-eabi/4.8.4/../../../../arm-none-eabi/lib/armv6-m\libc_s.a
END GROUP
START GROUP
LOAD c:/freescale/kds_v3/toolchain/bin/../lib/gcc/arm-none-eabi/4.8.4/armv6-m\libgcc.a
LOAD c:/freescale/kds_v3/toolchain/bin/../lib/gcc/arm-none-eabi/4.8.4/../../../../arm-none-eabi/lib/armv6-m\libc_s.a
LOAD c:/freescale/kds_v3/toolchain/bin/../lib/gcc/arm-none-eabi/4.8.4/../../../../arm-none-eabi/lib/armv6-m\librdimon_s.a
END GROUP
START GROUP
LOAD c:/freescale/kds_v3/toolchain/bin/../lib/gcc/arm-none-eabi/4.8.4/armv6-m\libgcc.a
LOAD c:/freescale/kds_v3/toolchain/bin/../lib/gcc/arm-none-eabi/4.8.4/../../../../arm-none-eabi/lib/armv6-m\libc_s.a
LOAD c:/freescale/kds_v3/toolchain/bin/../lib/gcc/arm-none-eabi/4.8.4/../../../../arm-none-eabi/lib/armv6-m\librdimon_s.a
END GROUP
LOAD c:/freescale/kds_v3/toolchain/bin/../lib/gcc/arm-none-eabi/4.8.4/armv6-m/crtend.o
LOAD c:/freescale/kds_v3/toolchain/bin/../lib/gcc/arm-none-eabi/4.8.4/armv6-m/crtn.o
                0x20000c00                _estack = 0x20000c00
                0x20000c00                __SP_INIT = _estack
                0x20000c00                __stack = _estack
                0x00000100                __heap_size = 0x100
                0x00000100                __stack_size = 0x100

.interrupts     0x00002000       0xc0
                0x00002000                __vector_table = .
                0x00002000                . = ALIGN (0x4)
 *(.vectortable)
 .vectortable   0x00002000       0xc0 ./Generated_Code/Vectors.o
                0x00002000                __vect_table
                0x000020c0                . = ALIGN (0x4)

.cfmprotect     0x00000400       0x10
                0x00000400                . = ALIGN (0x4)
 *(.cfmconfig)
 .cfmconfig     0x00000400       0x10 ./Generated_Code/Cpu.o
                0x00000400                _cfm
                0x00000410                . = ALIGN (0x4)

.text           0x00002410     0x34cc
                0x00002410                . = ALIGN (0x4)
 *(.text)
 .text          0x00002410       0x60 c:/freescale/kds_v3/toolchain/bin/../lib/gcc/arm-none-eabi/4.8.4/armv6-m/crtbegin.o
 .text          0x00002470       0x9c c:/freescale/kds_v3/toolchain/bin/../lib/gcc/arm-none-eabi/4.8.4/armv6-m\libgcc.a(_udivsi3.o)
                0x00002470                __aeabi_uidiv
                0x00002470                __udivsi3
                0x000024f8                __aeabi_uidivmod
 .text          0x0000250c       0xc0 c:/freescale/kds_v3/toolchain/bin/../lib/gcc/arm-none-eabi/4.8.4/armv6-m\libgcc.a(_divsi3.o)
                0x0000250c                __divsi3
                0x0000250c                __aeabi_idiv
                0x000025b8                __aeabi_idivmod
 .text          0x000025cc        0x4 c:/freescale/kds_v3/toolchain/bin/../lib/gcc/arm-none-eabi/4.8.4/armv6-m\libgcc.a(_dvmd_tls.o)
                0x000025cc                __aeabi_idiv0
                0x000025cc                __aeabi_ldiv0
 .text          0x000025d0       0x3c c:/freescale/kds_v3/toolchain/bin/../lib/gcc/arm-none-eabi/4.8.4/armv6-m\libgcc.a(_clzsi2.o)
                0x000025d0                __clzsi2
 .text          0x0000260c       0x44 c:/freescale/kds_v3/toolchain/bin/../lib/gcc/arm-none-eabi/4.8.4/armv6-m\libgcc.a(_muldi3.o)
                0x0000260c                __muldi3
                0x0000260c                __aeabi_lmul
 *(.text*)
 .text.SwitchToState
                0x00002650      0x104 ./Sources/EdgeCutter2.o
 .text.EdgeCutter2_ValidateParams
                0x00002754        0x4 ./Sources/EdgeCutter2.o
                0x00002754                EdgeCutter2_ValidateParams
 .text.EdgeCutter2_Init
                0x00002758       0x54 ./Sources/EdgeCutter2.o
                0x00002758                EdgeCutter2_Init
 .text.DoCurve  0x000027ac      0x154 ./Sources/EdgeCutter2.o
                0x000027ac                DoCurve
 .text.DoCurveAttack
                0x00002900       0x98 ./Sources/EdgeCutter2.o
                0x00002900                DoCurveAttack
 .text.EdgeCutter2_Retrigger
                0x00002998      0x104 ./Sources/EdgeCutter2.o
                0x00002998                EdgeCutter2_Retrigger
 .text.EdgeCutter2_Trigger
                0x00002a9c      0x128 ./Sources/EdgeCutter2.o
                0x00002a9c                EdgeCutter2_Trigger
 .text.EdgeCutter2_LoadSettings
                0x00002bc4        0x8 ./Sources/EdgeCutter2.o
                0x00002bc4                EdgeCutter2_LoadSettings
 .text.EdgeCutter2_GetEnv
                0x00002bcc      0x5dc ./Sources/EdgeCutter2.o
                0x00002bcc                EdgeCutter2_GetEnv
 .text.Cpu_OnNMIINT
                0x000031a8        0x4 ./Sources/Events.o
                0x000031a8                Cpu_OnNMIINT
 .text.TI1_OnInterrupt
                0x000031ac        0x8 ./Sources/Events.o
                0x000031ac                TI1_OnInterrupt
 .text.AD1_OnEnd
                0x000031b4       0x34 ./Sources/Events.o
                0x000031b4                AD1_OnEnd
 .text.AD1_OnCalibrationEnd
                0x000031e8        0x4 ./Sources/Events.o
                0x000031e8                AD1_OnCalibrationEnd
 .text.CLOCKINT_OnInterrupt
                0x000031ec       0x14 ./Sources/Events.o
                0x000031ec                CLOCKINT_OnInterrupt
 .text.GetSteppedResult16
                0x00003200       0x28 ./Sources/main.o
                0x00003200                GetSteppedResult16
 .text.LERP16   0x00003228       0x58 ./Sources/main.o
                0x00003228                LERP16
 .text.ULERP16  0x00003280       0x64 ./Sources/main.o
                0x00003280                ULERP16
 .text.fix16_add
                0x000032e4       0x14 ./Sources/main.o
                0x000032e4                fix16_add
 .text.fix16_ssub
                0x000032f8       0x24 ./Sources/main.o
                0x000032f8                fix16_ssub
 .text.fix16_mul
                0x0000331c       0x38 ./Sources/main.o
                0x0000331c                fix16_mul
 .text.fix16_div
                0x00003354       0xe8 ./Sources/main.o
                0x00003354                fix16_div
 .text.fix16_sdiv
                0x0000343c       0x20 ./Sources/main.o
                0x0000343c                fix16_sdiv
 .text.UpdateButtons
                0x0000345c      0x260 ./Sources/main.o
                0x0000345c                UpdateButtons
 .text.ShiftOut
                0x000036bc      0x330 ./Sources/main.o
                0x000036bc                ShiftOut
 .text.DACB_Write
                0x000039ec      0x37c ./Sources/main.o
                0x000039ec                DACB_Write
 .text.doTimer  0x00003d68      0x174 ./Sources/main.o
                0x00003d68                doTimer
 .text.LoadCalibrationEeprom
                0x00003edc       0x50 ./Sources/main.o
                0x00003edc                LoadCalibrationEeprom
 .text.LoadEeprom
                0x00003f2c       0x80 ./Sources/main.o
                0x00003f2c                LoadEeprom
 .text.SetupLeds
                0x00003fac       0xb0 ./Sources/main.o
                0x00003fac                SetupLeds
 .text.EnvelopeTrigger
                0x0000405c       0x30 ./Sources/main.o
                0x0000405c                EnvelopeTrigger
 .text.startup.main
                0x0000408c      0x498 ./Sources/main.o
                0x0000408c                main
 .text.__copy_rom_sections_to_ram
                0x00004524       0x78 ./Project_Settings/Startup_Code/startup.o
                0x00004524                __copy_rom_sections_to_ram
 .text.__init_registers
                0x0000459c        0x4 ./Project_Settings/Startup_Code/startup.o
                0x0000459c                __init_registers
 .text.__init_user
                0x000045a0        0x4 ./Project_Settings/Startup_Code/startup.o
                0x000045a0                __init_user
 .text.__thumb_startup
                0x000045a4       0x7c ./Project_Settings/Startup_Code/startup.o
                0x000045a4                __thumb_startup
 .text.AD1_Measure
                0x00004620       0x9c ./Generated_Code/AD1.o
                0x00004620                AD1_Measure
 .text.AD1_GetChanValue16
                0x000046bc       0x34 ./Generated_Code/AD1.o
                0x000046bc                AD1_GetChanValue16
 .text.AD1_Calibrate
                0x000046f0       0x50 ./Generated_Code/AD1.o
                0x000046f0                AD1_Calibrate
 .text.AdcLdd1_OnMeasurementComplete
                0x00004740       0xac ./Generated_Code/AD1.o
                0x00004740                AdcLdd1_OnMeasurementComplete
 .text.AD1_Init
                0x000047ec       0x24 ./Generated_Code/AD1.o
                0x000047ec                AD1_Init
 .text.AdcLdd1_Init
                0x00004810       0xac ./Generated_Code/AdcLdd1.o
                0x00004810                AdcLdd1_Init
 .text.AdcLdd1_StartSingleMeasurement
                0x000048bc       0x2c ./Generated_Code/AdcLdd1.o
                0x000048bc                AdcLdd1_StartSingleMeasurement
 .text.AdcLdd1_CreateSampleGroup
                0x000048e8       0x38 ./Generated_Code/AdcLdd1.o
                0x000048e8                AdcLdd1_CreateSampleGroup
 .text.AdcLdd1_GetMeasuredValues
                0x00004920       0x28 ./Generated_Code/AdcLdd1.o
                0x00004920                AdcLdd1_GetMeasuredValues
 .text.AdcLdd1_GetMeasurementCompleteStatus
                0x00004948       0x54 ./Generated_Code/AdcLdd1.o
                0x00004948                AdcLdd1_GetMeasurementCompleteStatus
 .text.AdcLdd1_StartCalibration
                0x0000499c       0x2c ./Generated_Code/AdcLdd1.o
                0x0000499c                AdcLdd1_StartCalibration
 .text.AdcLdd1_GetCalibrationResultStatus
                0x000049c8       0x34 ./Generated_Code/AdcLdd1.o
                0x000049c8                AdcLdd1_GetCalibrationResultStatus
 .text.AdcLdd1_MeasurementCompleteInterrupt
                0x000049fc       0x20 ./Generated_Code/AdcLdd1.o
                0x000049fc                AdcLdd1_MeasurementCompleteInterrupt
 .text.CI2C1_SendBlock
                0x00004a1c       0xb4 ./Generated_Code/CI2C1.o
                0x00004a1c                CI2C1_SendBlock
 .text.CI2C1_RecvBlock
                0x00004ad0       0xd0 ./Generated_Code/CI2C1.o
                0x00004ad0                CI2C1_RecvBlock
 .text.CI2C1_SendStop
                0x00004ba0       0x48 ./Generated_Code/CI2C1.o
                0x00004ba0                CI2C1_SendStop
 .text.CI2C1_SelectSlave
                0x00004be8       0x1c ./Generated_Code/CI2C1.o
                0x00004be8                CI2C1_SelectSlave
 .text.CI2C1_Init
                0x00004c04       0x14 ./Generated_Code/CI2C1.o
                0x00004c04                CI2C1_Init
 .text.CLOCK_Init
                0x00004c18       0x40 ./Generated_Code/CLOCK.o
                0x00004c18                CLOCK_Init
 .text.CLOCK_ClrVal
                0x00004c58        0xc ./Generated_Code/CLOCK.o
                0x00004c58                CLOCK_ClrVal
 .text.CLOCK_SetVal
                0x00004c64        0xc ./Generated_Code/CLOCK.o
                0x00004c64                CLOCK_SetVal
 .text.CLOCKINT_Init
                0x00004c70       0x68 ./Generated_Code/CLOCKINT.o
                0x00004c70                CLOCKINT_Init
 .text.CLOCKINT_Interrupt
                0x00004cd8       0x28 ./Generated_Code/CLOCKINT.o
                0x00004cd8                CLOCKINT_Interrupt
 .text.CLOCKINT_GetVal
                0x00004d00       0x10 ./Generated_Code/CLOCKINT.o
                0x00004d00                CLOCKINT_GetVal
 .text.Cpu_ivINT_PORTB
                0x00004d10        0x8 ./Generated_Code/Cpu.o
                0x00004d10                Cpu_ivINT_PORTB
 .text.Cpu_INT_NMIInterrupt
                0x00004d18        0x8 ./Generated_Code/Cpu.o
                0x00004d18                Cpu_INT_NMIInterrupt
 .text.Cpu_Interrupt
                0x00004d20        0x4 ./Generated_Code/Cpu.o
                0x00004d20                Cpu_Interrupt
 .text.__init_hardware
                0x00004d24       0xb4 ./Generated_Code/Cpu.o
                0x00004d24                __init_hardware
 .text.PE_low_level_init
                0x00004dd8      0x110 ./Generated_Code/Cpu.o
                0x00004dd8                PE_low_level_init
 .text.DACSEL_Init
                0x00004ee8       0x40 ./Generated_Code/DACSEL.o
                0x00004ee8                DACSEL_Init
 .text.DACSEL_ClrVal
                0x00004f28        0xc ./Generated_Code/DACSEL.o
                0x00004f28                DACSEL_ClrVal
 .text.DACSEL_SetVal
                0x00004f34        0xc ./Generated_Code/DACSEL.o
                0x00004f34                DACSEL_SetVal
 .text.DATA_Init
                0x00004f40       0x40 ./Generated_Code/DATA.o
                0x00004f40                DATA_Init
 .text.DATA_ClrVal
                0x00004f80        0xc ./Generated_Code/DATA.o
                0x00004f80                DATA_ClrVal
 .text.DATA_SetVal
                0x00004f8c        0xc ./Generated_Code/DATA.o
                0x00004f8c                DATA_SetVal
 .text.EE241_WriteByte
                0x00004f98       0x58 ./Generated_Code/EE241.o
                0x00004f98                EE241_WriteByte
 .text.EE241_ReadByte
                0x00004ff0       0x48 ./Generated_Code/EE241.o
                0x00004ff0                EE241_ReadByte
 .text.GI2C1_SelectSlave
                0x00005038       0x10 ./Generated_Code/GI2C1.o
                0x00005038                GI2C1_SelectSlave
 .text.GI2C1_UnselectSlave
                0x00005048        0x4 ./Generated_Code/GI2C1.o
                0x00005048                GI2C1_UnselectSlave
 .text.GI2C1_ReadBlock
                0x0000504c       0x20 ./Generated_Code/GI2C1.o
                0x0000504c                GI2C1_ReadBlock
 .text.GI2C1_WriteBlock
                0x0000506c       0x28 ./Generated_Code/GI2C1.o
                0x0000506c                GI2C1_WriteBlock
 .text.GI2C1_Init
                0x00005094        0x4 ./Generated_Code/GI2C1.o
                0x00005094                GI2C1_Init
 .text.GI2C1_ProbeACK
                0x00005098       0x28 ./Generated_Code/GI2C1.o
                0x00005098                GI2C1_ProbeACK
 .text.IntI2cLdd1_Main
                0x000050c0      0x168 ./Generated_Code/IntI2cLdd1.o
                0x000050c0                IntI2cLdd1_Main
 .text.IntI2cLdd1_Init
                0x00005228       0x88 ./Generated_Code/IntI2cLdd1.o
                0x00005228                IntI2cLdd1_Init
 .text.IntI2cLdd1_MasterSendBlock
                0x000052b0       0xa4 ./Generated_Code/IntI2cLdd1.o
                0x000052b0                IntI2cLdd1_MasterSendBlock
 .text.IntI2cLdd1_MasterGetBlockSentStatus
                0x00005354       0x10 ./Generated_Code/IntI2cLdd1.o
                0x00005354                IntI2cLdd1_MasterGetBlockSentStatus
 .text.IntI2cLdd1_MasterGetSentDataNum
                0x00005364        0x4 ./Generated_Code/IntI2cLdd1.o
                0x00005364                IntI2cLdd1_MasterGetSentDataNum
 .text.IntI2cLdd1_MasterReceiveBlock
                0x00005368       0xa4 ./Generated_Code/IntI2cLdd1.o
                0x00005368                IntI2cLdd1_MasterReceiveBlock
 .text.IntI2cLdd1_MasterGetBlockReceivedStatus
                0x0000540c       0x10 ./Generated_Code/IntI2cLdd1.o
                0x0000540c                IntI2cLdd1_MasterGetBlockReceivedStatus
 .text.IntI2cLdd1_MasterGetReceivedDataNum
                0x0000541c        0x4 ./Generated_Code/IntI2cLdd1.o
                0x0000541c                IntI2cLdd1_MasterGetReceivedDataNum
 .text.IntI2cLdd1_SelectSlaveDevice
                0x00005420       0x70 ./Generated_Code/IntI2cLdd1.o
                0x00005420                IntI2cLdd1_SelectSlaveDevice
 .text.IntI2cLdd1_GetError
                0x00005490        0xc ./Generated_Code/IntI2cLdd1.o
                0x00005490                IntI2cLdd1_GetError
 .text.IntI2cLdd1_CheckBus
                0x0000549c       0x18 ./Generated_Code/IntI2cLdd1.o
                0x0000549c                IntI2cLdd1_CheckBus
 .text.JACK_RETRIGGER_Init
                0x000054b4       0x3c ./Generated_Code/JACK_RETRIGGER.o
                0x000054b4                JACK_RETRIGGER_Init
 .text.JACK_RETRIGGER_GetVal
                0x000054f0       0x10 ./Generated_Code/JACK_RETRIGGER.o
                0x000054f0                JACK_RETRIGGER_GetVal
 .text.LATCH_Init
                0x00005500       0x40 ./Generated_Code/LATCH.o
                0x00005500                LATCH_Init
 .text.LATCH_ClrVal
                0x00005540        0xc ./Generated_Code/LATCH.o
                0x00005540                LATCH_ClrVal
 .text.LATCH_SetVal
                0x0000554c        0xc ./Generated_Code/LATCH.o
                0x0000554c                LATCH_SetVal
 .text.PTA_Init
                0x00005558       0x24 ./Generated_Code/PTA.o
                0x00005558                PTA_Init
 .text.PTB_Init
                0x0000557c       0x2c ./Generated_Code/PTB.o
                0x0000557c                PTB_Init
 .text.SW_MODE_Init
                0x000055a8       0x40 ./Generated_Code/SW_MODE.o
                0x000055a8                SW_MODE_Init
 .text.SW_MODE_GetVal
                0x000055e8       0x10 ./Generated_Code/SW_MODE.o
                0x000055e8                SW_MODE_GetVal
 .text.SW_SPEED_Init
                0x000055f8       0x3c ./Generated_Code/SW_SPEED.o
                0x000055f8                SW_SPEED_Init
 .text.SW_SPEED_GetVal
                0x00005634       0x10 ./Generated_Code/SW_SPEED.o
                0x00005634                SW_SPEED_GetVal
 .text.SW_TRIGGER_Init
                0x00005644       0x3c ./Generated_Code/SW_TRIGGER.o
                0x00005644                SW_TRIGGER_Init
 .text.SW_TRIGGER_GetVal
                0x00005680       0x10 ./Generated_Code/SW_TRIGGER.o
                0x00005680                SW_TRIGGER_GetVal
 .text.TimerIntLdd1_OnInterrupt
                0x00005690        0x8 ./Generated_Code/TI1.o
                0x00005690                TimerIntLdd1_OnInterrupt
 .text.TU1_Init
                0x00005698       0x94 ./Generated_Code/TU1.o
                0x00005698                TU1_Init
 .text.TU1_Enable
                0x0000572c       0x18 ./Generated_Code/TU1.o
                0x0000572c                TU1_Enable
 .text.TU1_Interrupt
                0x00005744       0x2c ./Generated_Code/TU1.o
                0x00005744                TU1_Interrupt
 .text.TimerIntLdd1_Init
                0x00005770       0x2c ./Generated_Code/TimerIntLdd1.o
                0x00005770                TimerIntLdd1_Init
 .text.TimerIntLdd1_Enable
                0x0000579c       0x18 ./Generated_Code/TimerIntLdd1.o
                0x0000579c                TimerIntLdd1_Enable
 .text.TU1_OnCounterRestart
                0x000057b4       0x14 ./Generated_Code/TimerIntLdd1.o
                0x000057b4                TU1_OnCounterRestart
 .text.WAIT1_Wait10Cycles
                0x000057c8        0x8 ./Generated_Code/WAIT1.o
                0x000057c8                WAIT1_Wait10Cycles
 .text.WAIT1_Wait100Cycles
                0x000057d0       0x18 ./Generated_Code/WAIT1.o
                0x000057d0                WAIT1_Wait100Cycles
 .text.WAIT1_Waitms
                0x000057e8       0x30 ./Generated_Code/WAIT1.o
                0x000057e8                WAIT1_Waitms
 .text.memset   0x00005818       0x10 c:/freescale/kds_v3/toolchain/bin/../lib/gcc/arm-none-eabi/4.8.4/../../../../arm-none-eabi/lib/armv6-m\libg_s.a(lib_a-memset.o)
                0x00005818                memset
 *(.rodata)
 *(.rodata*)
 .rodata.SwitchToState
                0x00005828       0x28 ./Sources/EdgeCutter2.o
 .rodata.EdgeCutter2_Retrigger
                0x00005850       0x28 ./Sources/EdgeCutter2.o
 .rodata.EdgeCutter2_Trigger
                0x00005878       0x28 ./Sources/EdgeCutter2.o
 .rodata.EdgeCutter2_GetEnv
                0x000058a0       0x14 ./Sources/EdgeCutter2.o
 .rodata.Table  0x000058b4        0x8 ./Generated_Code/AD1.o
 .rodata.ChannelToPin
                0x000058bc        0x8 ./Generated_Code/AdcLdd1.o
 *(.glue_7)
 .glue_7        0x00000000        0x0 linker stubs
 *(.glue_7t)
 .glue_7t       0x00000000        0x0 linker stubs
 *(.eh_frame)
 .eh_frame      0x000058c4        0x0 c:/freescale/kds_v3/toolchain/bin/../lib/gcc/arm-none-eabi/4.8.4/armv6-m/crtbegin.o
 *(.init)
 .init          0x000058c4        0x4 c:/freescale/kds_v3/toolchain/bin/../lib/gcc/arm-none-eabi/4.8.4/armv6-m/crti.o
                0x000058c4                _init
 .init          0x000058c8        0x8 c:/freescale/kds_v3/toolchain/bin/../lib/gcc/arm-none-eabi/4.8.4/armv6-m/crtn.o
 *(.fini)
 .fini          0x000058d0        0x4 c:/freescale/kds_v3/toolchain/bin/../lib/gcc/arm-none-eabi/4.8.4/armv6-m/crti.o
                0x000058d0                _fini
 .fini          0x000058d4        0x8 c:/freescale/kds_v3/toolchain/bin/../lib/gcc/arm-none-eabi/4.8.4/armv6-m/crtn.o
                0x000058dc                . = ALIGN (0x4)
                0x000058dc                _etext = .

.vfp11_veneer   0x000058dc        0x0
 .vfp11_veneer  0x00000000        0x0 linker stubs

.v4_bx          0x000058dc        0x0
 .v4_bx         0x00000000        0x0 linker stubs

.iplt           0x000058dc        0x0
 .iplt          0x00000000        0x0 c:/freescale/kds_v3/toolchain/bin/../lib/gcc/arm-none-eabi/4.8.4/armv6-m/crtbegin.o

.rel.dyn        0x000058dc        0x0
 .rel.iplt      0x00000000        0x0 c:/freescale/kds_v3/toolchain/bin/../lib/gcc/arm-none-eabi/4.8.4/armv6-m/crtbegin.o

.ARM.extab
 *(.ARM.extab* .gnu.linkonce.armextab.*)

.ARM            0x000058dc        0x0
                0x000058dc                __exidx_start = .
 *(.ARM.exidx*)
                0x000058dc                __exidx_end = .

.ctors          0x000058dc        0x0
                0x000058dc                __CTOR_LIST__ = .
 *crtbegin.o(.ctors)
 *(EXCLUDE_FILE(*crtend.o) .ctors)
 *(SORT(.ctors.*))
 *(.ctors)
                0x000058dc                __CTOR_END__ = .

.dtors          0x000058dc        0x0
                0x000058dc                __DTOR_LIST__ = .
 *crtbegin.o(.dtors)
 *(EXCLUDE_FILE(*crtend.o) .dtors)
 *(SORT(.dtors.*))
 *(.dtors)
                0x000058dc                __DTOR_END__ = .

.preinit_array  0x000058dc        0x0
                0x000058dc                PROVIDE (__preinit_array_start, .)
 *(.preinit_array*)
                0x000058dc                PROVIDE (__preinit_array_end, .)

.init_array     0x000058dc        0x4
                0x000058dc                PROVIDE (__init_array_start, .)
 *(SORT(.init_array.*))
 *(.init_array*)
 .init_array    0x000058dc        0x4 c:/freescale/kds_v3/toolchain/bin/../lib/gcc/arm-none-eabi/4.8.4/armv6-m/crtbegin.o
                0x000058e0                PROVIDE (__init_array_end, .)

.fini_array     0x000058e0        0x4
                0x000058e0                PROVIDE (__fini_array_start, .)
 *(SORT(.fini_array.*))
 *(.fini_array*)
 .fini_array    0x000058e0        0x4 c:/freescale/kds_v3/toolchain/bin/../lib/gcc/arm-none-eabi/4.8.4/armv6-m/crtbegin.o
                0x000058e4                PROVIDE (__fini_array_end, .)
                0x000058e4                ___ROM_AT = .

.mtb            0x1ffffc00        0x0
                0x1ffffc00                . = ALIGN (0x8)
                0x1ffffc00                _mtb_start = .
 *(.mtb_buf)
                0x1ffffc00                . = ALIGN (0x8)
                0x1ffffc00                _mtb_end = .

.data           0x1ffffc00       0x5c load address 0x000058e4
                0x1ffffc00                . = ALIGN (0x4)
                0x1ffffc00                _sdata = .
 *(.data)
 *(.data*)
 .data.exptablong
                0x1ffffc00       0x2c ./Sources/EdgeCutter2.o
                0x1ffffc00                exptablong
 .data.exptabshort
                0x1ffffc2c       0x2c ./Sources/EdgeCutter2.o
                0x1ffffc2c                exptabshort
 .data.pwm      0x1ffffc58        0x1 ./Sources/main.o
                0x1ffffc58                pwm
                0x1ffffc5c                . = ALIGN (0x4)
 *fill*         0x1ffffc59        0x3 
                0x1ffffc5c                _edata = .
                0x0000005c                ___data_size = (_edata - _sdata)

.jcr            0x1ffffc5c        0x0 load address 0x00005940
 .jcr           0x1ffffc5c        0x0 c:/freescale/kds_v3/toolchain/bin/../lib/gcc/arm-none-eabi/4.8.4/armv6-m/crtbegin.o

.igot.plt       0x1ffffc5c        0x0 load address 0x00005940
 .igot.plt      0x00000000        0x0 c:/freescale/kds_v3/toolchain/bin/../lib/gcc/arm-none-eabi/4.8.4/armv6-m/crtbegin.o
                0x1ffffc5c                . = ALIGN (0x4)

.bss            0x1ffffc5c      0x2a8 load address 0x00005940
                0x1ffffc5c                __START_BSS = .
                0x1ffffc5c                PROVIDE (__bss_start__, __START_BSS)
 *(.bss)
 .bss           0x1ffffc5c       0x1c c:/freescale/kds_v3/toolchain/bin/../lib/gcc/arm-none-eabi/4.8.4/armv6-m/crtbegin.o
 *(.bss*)
 .bss.lowpassenabled
                0x1ffffc78        0x4 ./Sources/EdgeCutter2.o
                0x1ffffc78                lowpassenabled
 .bss.SpeedSwitchMode
                0x1ffffc7c        0x4 ./Sources/main.o
                0x1ffffc7c                SpeedSwitchMode
 .bss.measured  0x1ffffc80        0x4 ./Sources/main.o
                0x1ffffc80                measured
 .bss.targetleds
                0x1ffffc84       0x14 ./Sources/main.o
                0x1ffffc84                targetleds
 .bss.tickssincecommit
                0x1ffffc98        0x4 ./Sources/main.o
                0x1ffffc98                tickssincecommit
 .bss.justretriggered
                0x1ffffc9c        0x4 ./Sources/main.o
                0x1ffffc9c                justretriggered
 .bss.t         0x1ffffca0        0x4 ./Sources/main.o
                0x1ffffca0                t
 .bss.modesw_state
                0x1ffffca4       0x14 ./Sources/main.o
 .bss.speedsw_state
                0x1ffffcb8       0x14 ./Sources/main.o
 .bss.CurvedOut
                0x1ffffccc        0x4 ./Sources/main.o
                0x1ffffccc                CurvedOut
 .bss.buttonjustpressed
                0x1ffffcd0        0x4 ./Sources/main.o
                0x1ffffcd0                buttonjustpressed
 .bss.triggersw_state
                0x1ffffcd4       0x14 ./Sources/main.o
 .bss.LinearOut
                0x1ffffce8        0x4 ./Sources/main.o
                0x1ffffce8                LinearOut
 .bss.retriggerjack_state
                0x1ffffcec       0x14 ./Sources/main.o
 .bss.buttonpressed
                0x1ffffd00        0x4 ./Sources/main.o
                0x1ffffd00                buttonpressed
 .bss.outleds   0x1ffffd04       0x14 ./Sources/main.o
                0x1ffffd04                outleds
 .bss.argv      0x1ffffd18       0x28 ./Project_Settings/Startup_Code/startup.o
 .bss.OutFlg    0x1ffffd40        0x1 ./Generated_Code/AD1.o
 .bss.SumChan   0x1ffffd41        0x1 ./Generated_Code/AD1.o
 .bss.ModeFlg   0x1ffffd42        0x1 ./Generated_Code/AD1.o
 *fill*         0x1ffffd43        0x1 
 .bss.SampleGroup
                0x1ffffd44        0x8 ./Generated_Code/AD1.o
 .bss.INT_ADC0__DEFAULT_RTOS_ISRPARAM
                0x1ffffd4c        0x4 ./Generated_Code/AdcLdd1.o
 .bss.DeviceDataPrv__DEFAULT_RTOS_ALLOC
                0x1ffffd50        0x8 ./Generated_Code/AdcLdd1.o
 .bss.DeviceDataPrv__DEFAULT_RTOS_ALLOC
                0x1ffffd58        0x4 ./Generated_Code/CLOCK.o
 .bss.INT_PORTB__DEFAULT_RTOS_ISRPARAM
                0x1ffffd5c        0x4 ./Generated_Code/CLOCKINT.o
 .bss.DeviceDataPrv__DEFAULT_RTOS_ALLOC
                0x1ffffd60        0x4 ./Generated_Code/CLOCKINT.o
 .bss.SR_lock   0x1ffffd64        0x1 ./Generated_Code/Cpu.o
                0x1ffffd64                SR_lock
 *fill*         0x1ffffd65        0x3 
 .bss.DeviceDataPrv__DEFAULT_RTOS_ALLOC
                0x1ffffd68        0x4 ./Generated_Code/DACSEL.o
 .bss.DeviceDataPrv__DEFAULT_RTOS_ALLOC
                0x1ffffd6c        0x4 ./Generated_Code/DATA.o
 .bss.DeviceDataPrv__DEFAULT_RTOS_ALLOC
                0x1ffffd70       0x1c ./Generated_Code/IntI2cLdd1.o
 .bss.DeviceDataPrv__DEFAULT_RTOS_ALLOC
                0x1ffffd8c        0x4 ./Generated_Code/JACK_RETRIGGER.o
 .bss.DeviceDataPrv__DEFAULT_RTOS_ALLOC
                0x1ffffd90        0x4 ./Generated_Code/LATCH.o
 .bss.PE_LDD_DeviceDataList
                0x1ffffd94       0x34 ./Generated_Code/PE_LDD.o
                0x1ffffd94                PE_LDD_DeviceDataList
 .bss.DeviceDataPrv__DEFAULT_RTOS_ALLOC
                0x1ffffdc8        0x4 ./Generated_Code/SW_MODE.o
 .bss.DeviceDataPrv__DEFAULT_RTOS_ALLOC
                0x1ffffdcc        0x4 ./Generated_Code/SW_SPEED.o
 .bss.DeviceDataPrv__DEFAULT_RTOS_ALLOC
                0x1ffffdd0        0x4 ./Generated_Code/SW_TRIGGER.o
 .bss.INT_TPM0__DEFAULT_RTOS_ISRPARAM
                0x1ffffdd4        0x4 ./Generated_Code/TU1.o
 .bss.DeviceDataPrv__DEFAULT_RTOS_ALLOC
                0x1ffffdd8       0x10 ./Generated_Code/TU1.o
 .bss.DeviceDataPrv__DEFAULT_RTOS_ALLOC
                0x1ffffde8        0xc ./Generated_Code/TimerIntLdd1.o
 *(COMMON)
 COMMON         0x1ffffdf4       0xf8 ./Sources/main.o
                0x1ffffdf4                Params
                0x1ffffdf8                Envelope
                0x1ffffea8                EdgecutterCalibration
                0x1ffffeb0                adcchannels
                0x1ffffec8                Settings
                0x1ffffecc                MasterCalibration
 COMMON         0x1ffffeec       0x10 ./Generated_Code/AD1.o
                0x1ffffeec                AD1_OutV
                0x1ffffef8                AdcLdd1_DeviceDataPtr
 COMMON         0x1ffffefc        0x6 ./Generated_Code/CI2C1.o
                0x1ffffefc                IntI2cLdd1_DeviceDataPtr
                0x1fffff00                CI2C1_SndRcvTemp
 COMMON         0x1fffff02        0x1 ./Generated_Code/Cpu.o
                0x1fffff02                SR_reg
                0x1fffff04                . = ALIGN (0x4)
 *fill*         0x1fffff03        0x1 
                0x1fffff04                __END_BSS = .
                0x1fffff04                PROVIDE (__bss_end__, __END_BSS)
                0x00005940                _romp_at = (___ROM_AT + SIZEOF (.data))

.romp           0x1fffff04       0x18 load address 0x00005940
                0x00005940                __S_romp = _romp_at
                0x1fffff04        0x4 LONG 0x58e4 ___ROM_AT
                0x1fffff08        0x4 LONG 0x1ffffc00 _sdata
                0x1fffff0c        0x4 LONG 0x5c ___data_size
                0x1fffff10        0x4 LONG 0x0
                0x1fffff14        0x4 LONG 0x0
                0x1fffff18        0x4 LONG 0x0
                0x00008000                text_end = (ORIGIN (m_text) + 0x5bf0)
                0x00005958                data_init_end = ((___ROM_AT + SIZEOF (.data)) + SIZEOF (.romp))
                0x00000001                ASSERT ((data_init_end <= text_end), region m_text overflowed with text and data)

._user_heap_stack
                0x1fffff1c      0x200 load address 0x00005958
                0x1fffff1c                . = ALIGN (0x4)
                0x1fffff1c                PROVIDE (end, .)
                0x1fffff1c                PROVIDE (_end, .)
                0x1fffff1c                PROVIDE (__end__, .)
                0x1fffff1c                __heap_addr = .
                0x1fffff1c                __HeapBase = .
                0x2000001c                . = (. + __heap_size)
 *fill*         0x1fffff1c      0x100 
                0x2000001c                __HeapLimit = .
                0x2000011c                . = (. + __stack_size)
 *fill*         0x2000001c      0x100 
                0x2000011c                . = ALIGN (0x4)

.ARM.attributes
                0x00000000       0x28
 *(.ARM.attributes)
 .ARM.attributes
                0x00000000       0x1e c:/freescale/kds_v3/toolchain/bin/../lib/gcc/arm-none-eabi/4.8.4/armv6-m/crti.o
 .ARM.attributes
                0x0000001e       0x2c c:/freescale/kds_v3/toolchain/bin/../lib/gcc/arm-none-eabi/4.8.4/armv6-m/crtbegin.o
 .ARM.attributes
                0x0000004a       0x32 ./Sources/EdgeCutter2.o
 .ARM.attributes
                0x0000007c       0x32 ./Sources/Events.o
 .ARM.attributes
                0x000000ae       0x32 ./Sources/main.o
 .ARM.attributes
                0x000000e0       0x32 ./Project_Settings/Startup_Code/startup.o
 .ARM.attributes
                0x00000112       0x32 ./Generated_Code/AD1.o
 .ARM.attributes
                0x00000144       0x32 ./Generated_Code/AdcLdd1.o
 .ARM.attributes
                0x00000176       0x32 ./Generated_Code/CI2C1.o
 .ARM.attributes
                0x000001a8       0x32 ./Generated_Code/CLOCK.o
 .ARM.attributes
                0x000001da       0x32 ./Generated_Code/CLOCKINT.o
 .ARM.attributes
                0x0000020c       0x32 ./Generated_Code/Cpu.o
 .ARM.attributes
                0x0000023e       0x32 ./Generated_Code/DACSEL.o
 .ARM.attributes
                0x00000270       0x32 ./Generated_Code/DATA.o
 .ARM.attributes
                0x000002a2       0x32 ./Generated_Code/EE241.o
 .ARM.attributes
                0x000002d4       0x32 ./Generated_Code/GI2C1.o
 .ARM.attributes
                0x00000306       0x32 ./Generated_Code/IntI2cLdd1.o
 .ARM.attributes
                0x00000338       0x32 ./Generated_Code/JACK_RETRIGGER.o
 .ARM.attributes
                0x0000036a       0x32 ./Generated_Code/LATCH.o
 .ARM.attributes
                0x0000039c       0x32 ./Generated_Code/PE_LDD.o
 .ARM.attributes
                0x000003ce       0x32 ./Generated_Code/PTA.o
 .ARM.attributes
                0x00000400       0x32 ./Generated_Code/PTB.o
 .ARM.attributes
                0x00000432       0x32 ./Generated_Code/SW_MODE.o
 .ARM.attributes
                0x00000464       0x32 ./Generated_Code/SW_SPEED.o
 .ARM.attributes
                0x00000496       0x32 ./Generated_Code/SW_TRIGGER.o
 .ARM.attributes
                0x000004c8       0x32 ./Generated_Code/TI1.o
 .ARM.attributes
                0x000004fa       0x32 ./Generated_Code/TU1.o
 .ARM.attributes
                0x0000052c       0x32 ./Generated_Code/TimerIntLdd1.o
 .ARM.attributes
                0x0000055e       0x32 ./Generated_Code/Vectors.o
 .ARM.attributes
                0x00000590       0x32 ./Generated_Code/WAIT1.o
 .ARM.attributes
                0x000005c2       0x1e c:/freescale/kds_v3/toolchain/bin/../lib/gcc/arm-none-eabi/4.8.4/armv6-m\libgcc.a(_udivsi3.o)
 .ARM.attributes
                0x000005e0       0x1e c:/freescale/kds_v3/toolchain/bin/../lib/gcc/arm-none-eabi/4.8.4/armv6-m\libgcc.a(_divsi3.o)
 .ARM.attributes
                0x000005fe       0x1e c:/freescale/kds_v3/toolchain/bin/../lib/gcc/arm-none-eabi/4.8.4/armv6-m\libgcc.a(_dvmd_tls.o)
 .ARM.attributes
                0x0000061c       0x1e c:/freescale/kds_v3/toolchain/bin/../lib/gcc/arm-none-eabi/4.8.4/armv6-m\libgcc.a(_clzsi2.o)
 .ARM.attributes
                0x0000063a       0x2c c:/freescale/kds_v3/toolchain/bin/../lib/gcc/arm-none-eabi/4.8.4/armv6-m\libgcc.a(_muldi3.o)
 .ARM.attributes
                0x00000666       0x2c c:/freescale/kds_v3/toolchain/bin/../lib/gcc/arm-none-eabi/4.8.4/../../../../arm-none-eabi/lib/armv6-m\libg_s.a(lib_a-memset.o)
 .ARM.attributes
                0x00000692       0x1e c:/freescale/kds_v3/toolchain/bin/../lib/gcc/arm-none-eabi/4.8.4/armv6-m/crtn.o
OUTPUT(EdgeCutterV2.elf elf32-littlearm)

.debug_info     0x00000000     0xc8fb
 .debug_info    0x00000000     0x1afb ./Sources/EdgeCutter2.o
 .debug_info    0x00001afb      0x318 ./Sources/Events.o
 .debug_info    0x00001e13     0x376f ./Sources/main.o
 .debug_info    0x00005582      0x44e ./Project_Settings/Startup_Code/startup.o
 .debug_info    0x000059d0      0x566 ./Generated_Code/AD1.o
 .debug_info    0x00005f36      0x883 ./Generated_Code/AdcLdd1.o
 .debug_info    0x000067b9      0x750 ./Generated_Code/CI2C1.o
 .debug_info    0x00006f09      0x383 ./Generated_Code/CLOCK.o
 .debug_info    0x0000728c      0x3ad ./Generated_Code/CLOCKINT.o
 .debug_info    0x00007639      0xaa8 ./Generated_Code/Cpu.o
 .debug_info    0x000080e1      0x383 ./Generated_Code/DACSEL.o
 .debug_info    0x00008464      0x383 ./Generated_Code/DATA.o
 .debug_info    0x000087e7      0xf2d ./Generated_Code/EE241.o
 .debug_info    0x00009714      0x903 ./Generated_Code/GI2C1.o
 .debug_info    0x0000a017      0x886 ./Generated_Code/IntI2cLdd1.o
 .debug_info    0x0000a89d      0x30d ./Generated_Code/JACK_RETRIGGER.o
 .debug_info    0x0000abaa      0x383 ./Generated_Code/LATCH.o
 .debug_info    0x0000af2d      0x291 ./Generated_Code/PE_LDD.o
 .debug_info    0x0000b1be      0x11f ./Generated_Code/PTA.o
 .debug_info    0x0000b2dd      0x11f ./Generated_Code/PTB.o
 .debug_info    0x0000b3fc      0x30d ./Generated_Code/SW_MODE.o
 .debug_info    0x0000b709      0x30d ./Generated_Code/SW_SPEED.o
 .debug_info    0x0000ba16      0x30d ./Generated_Code/SW_TRIGGER.o
 .debug_info    0x0000bd23       0xc7 ./Generated_Code/TI1.o
 .debug_info    0x0000bdea      0x5c2 ./Generated_Code/TU1.o
 .debug_info    0x0000c3ac      0x22b ./Generated_Code/TimerIntLdd1.o
 .debug_info    0x0000c5d7      0x10e ./Generated_Code/Vectors.o
 .debug_info    0x0000c6e5      0x216 ./Generated_Code/WAIT1.o

.debug_abbrev   0x00000000     0x2f9f
 .debug_abbrev  0x00000000      0x45e ./Sources/EdgeCutter2.o
 .debug_abbrev  0x0000045e      0x184 ./Sources/Events.o
 .debug_abbrev  0x000005e2      0x661 ./Sources/main.o
 .debug_abbrev  0x00000c43      0x1cd ./Project_Settings/Startup_Code/startup.o
 .debug_abbrev  0x00000e10      0x21a ./Generated_Code/AD1.o
 .debug_abbrev  0x0000102a      0x211 ./Generated_Code/AdcLdd1.o
 .debug_abbrev  0x0000123b      0x269 ./Generated_Code/CI2C1.o
 .debug_abbrev  0x000014a4      0x154 ./Generated_Code/CLOCK.o
 .debug_abbrev  0x000015f8      0x18f ./Generated_Code/CLOCKINT.o
 .debug_abbrev  0x00001787      0x1be ./Generated_Code/Cpu.o
 .debug_abbrev  0x00001945      0x154 ./Generated_Code/DACSEL.o
 .debug_abbrev  0x00001a99      0x154 ./Generated_Code/DATA.o
 .debug_abbrev  0x00001bed      0x209 ./Generated_Code/EE241.o
 .debug_abbrev  0x00001df6      0x2ca ./Generated_Code/GI2C1.o
 .debug_abbrev  0x000020c0      0x1af ./Generated_Code/IntI2cLdd1.o
 .debug_abbrev  0x0000226f      0x11c ./Generated_Code/JACK_RETRIGGER.o
 .debug_abbrev  0x0000238b      0x154 ./Generated_Code/LATCH.o
 .debug_abbrev  0x000024df      0x14f ./Generated_Code/PE_LDD.o
 .debug_abbrev  0x0000262e       0x8d ./Generated_Code/PTA.o
 .debug_abbrev  0x000026bb       0x8d ./Generated_Code/PTB.o
 .debug_abbrev  0x00002748      0x11c ./Generated_Code/SW_MODE.o
 .debug_abbrev  0x00002864      0x11c ./Generated_Code/SW_SPEED.o
 .debug_abbrev  0x00002980      0x11c ./Generated_Code/SW_TRIGGER.o
 .debug_abbrev  0x00002a9c       0x86 ./Generated_Code/TI1.o
 .debug_abbrev  0x00002b22      0x19c ./Generated_Code/TU1.o
 .debug_abbrev  0x00002cbe      0x148 ./Generated_Code/TimerIntLdd1.o
 .debug_abbrev  0x00002e06       0xa4 ./Generated_Code/Vectors.o
 .debug_abbrev  0x00002eaa       0xf5 ./Generated_Code/WAIT1.o

.debug_loc      0x00000000     0x9cb6
 .debug_loc     0x00000000     0x1664 ./Sources/EdgeCutter2.o
 .debug_loc     0x00001664       0x82 ./Sources/Events.o
 .debug_loc     0x000016e6     0x43f2 ./Sources/main.o
 .debug_loc     0x00005ad8      0x31b ./Project_Settings/Startup_Code/startup.o
 .debug_loc     0x00005df3      0x1d9 ./Generated_Code/AD1.o
 .debug_loc     0x00005fcc      0x251 ./Generated_Code/AdcLdd1.o
 .debug_loc     0x0000621d      0x408 ./Generated_Code/CI2C1.o
 .debug_loc     0x00006625       0x69 ./Generated_Code/CLOCK.o
 .debug_loc     0x0000668e       0x73 ./Generated_Code/CLOCKINT.o
 .debug_loc     0x00006701       0x69 ./Generated_Code/DACSEL.o
 .debug_loc     0x0000676a       0x69 ./Generated_Code/DATA.o
 .debug_loc     0x000067d3     0x1a8c ./Generated_Code/EE241.o
 .debug_loc     0x0000825f      0xfd6 ./Generated_Code/GI2C1.o
 .debug_loc     0x00009235      0x502 ./Generated_Code/IntI2cLdd1.o
 .debug_loc     0x00009737       0x69 ./Generated_Code/JACK_RETRIGGER.o
 .debug_loc     0x000097a0       0x69 ./Generated_Code/LATCH.o
 .debug_loc     0x00009809       0xcb ./Generated_Code/PE_LDD.o
 .debug_loc     0x000098d4       0x6a ./Generated_Code/SW_MODE.o
 .debug_loc     0x0000993e       0x68 ./Generated_Code/SW_SPEED.o
 .debug_loc     0x000099a6       0x68 ./Generated_Code/SW_TRIGGER.o
 .debug_loc     0x00009a0e       0x21 ./Generated_Code/TI1.o
 .debug_loc     0x00009a2f       0xdd ./Generated_Code/TU1.o
 .debug_loc     0x00009b0c       0x72 ./Generated_Code/TimerIntLdd1.o
 .debug_loc     0x00009b7e      0x138 ./Generated_Code/WAIT1.o

.debug_aranges  0x00000000      0x940
 .debug_aranges
                0x00000000       0x90 ./Sources/EdgeCutter2.o
 .debug_aranges
                0x00000090       0x60 ./Sources/Events.o
 .debug_aranges
                0x000000f0      0x248 ./Sources/main.o
 .debug_aranges
                0x00000338       0x58 ./Project_Settings/Startup_Code/startup.o
 .debug_aranges
                0x00000390       0x60 ./Generated_Code/AD1.o
 .debug_aranges
                0x000003f0       0x60 ./Generated_Code/AdcLdd1.o
 .debug_aranges
                0x00000450       0x48 ./Generated_Code/CI2C1.o
 .debug_aranges
                0x00000498       0x40 ./Generated_Code/CLOCK.o
 .debug_aranges
                0x000004d8       0x30 ./Generated_Code/CLOCKINT.o
 .debug_aranges
                0x00000508       0x40 ./Generated_Code/Cpu.o
 .debug_aranges
                0x00000548       0x40 ./Generated_Code/DACSEL.o
 .debug_aranges
                0x00000588       0x40 ./Generated_Code/DATA.o
 .debug_aranges
                0x000005c8       0x50 ./Generated_Code/EE241.o
 .debug_aranges
                0x00000618       0x90 ./Generated_Code/GI2C1.o
 .debug_aranges
                0x000006a8       0x70 ./Generated_Code/IntI2cLdd1.o
 .debug_aranges
                0x00000718       0x28 ./Generated_Code/JACK_RETRIGGER.o
 .debug_aranges
                0x00000740       0x40 ./Generated_Code/LATCH.o
 .debug_aranges
                0x00000780       0x30 ./Generated_Code/PE_LDD.o
 .debug_aranges
                0x000007b0       0x20 ./Generated_Code/PTA.o
 .debug_aranges
                0x000007d0       0x20 ./Generated_Code/PTB.o
 .debug_aranges
                0x000007f0       0x28 ./Generated_Code/SW_MODE.o
 .debug_aranges
                0x00000818       0x28 ./Generated_Code/SW_SPEED.o
 .debug_aranges
                0x00000840       0x28 ./Generated_Code/SW_TRIGGER.o
 .debug_aranges
                0x00000868       0x20 ./Generated_Code/TI1.o
 .debug_aranges
                0x00000888       0x30 ./Generated_Code/TU1.o
 .debug_aranges
                0x000008b8       0x30 ./Generated_Code/TimerIntLdd1.o
 .debug_aranges
                0x000008e8       0x18 ./Generated_Code/Vectors.o
 .debug_aranges
                0x00000900       0x40 ./Generated_Code/WAIT1.o

.debug_ranges   0x00000000     0x1668
 .debug_ranges  0x00000000      0x310 ./Sources/EdgeCutter2.o
 .debug_ranges  0x00000310       0x50 ./Sources/Events.o
 .debug_ranges  0x00000360      0xbe8 ./Sources/main.o
 .debug_ranges  0x00000f48       0x78 ./Project_Settings/Startup_Code/startup.o
 .debug_ranges  0x00000fc0       0xb0 ./Generated_Code/AD1.o
 .debug_ranges  0x00001070       0x78 ./Generated_Code/AdcLdd1.o
 .debug_ranges  0x000010e8       0x50 ./Generated_Code/CI2C1.o
 .debug_ranges  0x00001138       0x30 ./Generated_Code/CLOCK.o
 .debug_ranges  0x00001168       0x20 ./Generated_Code/CLOCKINT.o
 .debug_ranges  0x00001188       0x30 ./Generated_Code/Cpu.o
 .debug_ranges  0x000011b8       0x30 ./Generated_Code/DACSEL.o
 .debug_ranges  0x000011e8       0x30 ./Generated_Code/DATA.o
 .debug_ranges  0x00001218      0x170 ./Generated_Code/EE241.o
 .debug_ranges  0x00001388      0x130 ./Generated_Code/GI2C1.o
 .debug_ranges  0x000014b8       0x60 ./Generated_Code/IntI2cLdd1.o
 .debug_ranges  0x00001518       0x18 ./Generated_Code/JACK_RETRIGGER.o
 .debug_ranges  0x00001530       0x30 ./Generated_Code/LATCH.o
 .debug_ranges  0x00001560       0x20 ./Generated_Code/PE_LDD.o
 .debug_ranges  0x00001580       0x10 ./Generated_Code/PTA.o
 .debug_ranges  0x00001590       0x10 ./Generated_Code/PTB.o
 .debug_ranges  0x000015a0       0x18 ./Generated_Code/SW_MODE.o
 .debug_ranges  0x000015b8       0x18 ./Generated_Code/SW_SPEED.o
 .debug_ranges  0x000015d0       0x18 ./Generated_Code/SW_TRIGGER.o
 .debug_ranges  0x000015e8       0x10 ./Generated_Code/TI1.o
 .debug_ranges  0x000015f8       0x20 ./Generated_Code/TU1.o
 .debug_ranges  0x00001618       0x20 ./Generated_Code/TimerIntLdd1.o
 .debug_ranges  0x00001638       0x30 ./Generated_Code/WAIT1.o

.debug_macro    0x00000000     0xb675
 .debug_macro   0x00000000       0xf4 ./Sources/EdgeCutter2.o
 .debug_macro   0x000000f4      0x802 ./Sources/EdgeCutter2.o
 .debug_macro   0x000008f6       0x16 ./Sources/EdgeCutter2.o
 .debug_macro   0x0000090c       0x44 ./Sources/EdgeCutter2.o
 .debug_macro   0x00000950      0x209 ./Sources/EdgeCutter2.o
 .debug_macro   0x00000b59       0x61 ./Sources/EdgeCutter2.o
 .debug_macro   0x00000bba       0x7c ./Sources/EdgeCutter2.o
 .debug_macro   0x00000c36       0x39 ./Sources/EdgeCutter2.o
 .debug_macro   0x00000c6f       0x58 ./Sources/EdgeCutter2.o
 .debug_macro   0x00000cc7       0x35 ./Sources/EdgeCutter2.o
 .debug_macro   0x00000cfc       0xa3 ./Sources/EdgeCutter2.o
 .debug_macro   0x00000d9f      0x166 ./Sources/EdgeCutter2.o
 .debug_macro   0x00000f05       0x52 ./Sources/EdgeCutter2.o
 .debug_macro   0x00000f57       0x16 ./Sources/EdgeCutter2.o
 .debug_macro   0x00000f6d       0x43 ./Sources/EdgeCutter2.o
 .debug_macro   0x00000fb0      0x180 ./Sources/EdgeCutter2.o
 .debug_macro   0x00001130       0xde ./Sources/EdgeCutter2.o
 .debug_macro   0x0000120e      0x210 ./Sources/Events.o
 .debug_macro   0x0000141e     0x15c3 ./Sources/Events.o
 .debug_macro   0x000029e1      0x14e ./Sources/Events.o
 .debug_macro   0x00002b2f       0x5e ./Sources/Events.o
 .debug_macro   0x00002b8d     0x3e12 ./Sources/Events.o
 .debug_macro   0x0000699f       0x94 ./Sources/Events.o
 .debug_macro   0x00006a33       0x94 ./Sources/Events.o
 .debug_macro   0x00006ac7      0x5e8 ./Sources/Events.o
 .debug_macro   0x000070af       0x7b ./Sources/Events.o
 .debug_macro   0x0000712a       0x12 ./Sources/Events.o
 .debug_macro   0x0000713c       0x18 ./Sources/Events.o
 .debug_macro   0x00007154      0x132 ./Sources/Events.o
 .debug_macro   0x00007286       0x40 ./Sources/Events.o
 .debug_macro   0x000072c6      0x4ea ./Sources/Events.o
 .debug_macro   0x000077b0       0x2e ./Sources/Events.o
 .debug_macro   0x000077de       0x34 ./Sources/Events.o
 .debug_macro   0x00007812       0x46 ./Sources/Events.o
 .debug_macro   0x00007858       0x46 ./Sources/Events.o
 .debug_macro   0x0000789e       0x46 ./Sources/Events.o
 .debug_macro   0x000078e4       0x34 ./Sources/Events.o
 .debug_macro   0x00007918       0x34 ./Sources/Events.o
 .debug_macro   0x0000794c       0x18 ./Sources/Events.o
 .debug_macro   0x00007964       0x37 ./Sources/Events.o
 .debug_macro   0x0000799b       0x5f ./Sources/Events.o
 .debug_macro   0x000079fa       0x16 ./Sources/Events.o
 .debug_macro   0x00007a10       0x64 ./Sources/Events.o
 .debug_macro   0x00007a74       0x34 ./Sources/Events.o
 .debug_macro   0x00007aa8      0x1c4 ./Sources/Events.o
 .debug_macro   0x00007c6c       0x52 ./Sources/Events.o
 .debug_macro   0x00007cbe       0x22 ./Sources/Events.o
 .debug_macro   0x00007ce0      0x361 ./Sources/main.o
 .debug_macro   0x00008041       0x1c ./Sources/main.o
 .debug_macro   0x0000805d       0x35 ./Sources/main.o
 .debug_macro   0x00008092       0x10 ./Sources/main.o
 .debug_macro   0x000080a2       0x10 ./Sources/main.o
 .debug_macro   0x000080b2       0x22 ./Sources/main.o
 .debug_macro   0x000080d4       0xbd ./Sources/main.o
 .debug_macro   0x00008191       0x16 ./Sources/main.o
 .debug_macro   0x000081a7      0x14a ./Sources/main.o
 .debug_macro   0x000082f1       0x67 ./Sources/main.o
 .debug_macro   0x00008358       0x16 ./Sources/main.o
 .debug_macro   0x0000836e       0x11 ./Sources/main.o
 .debug_macro   0x0000837f       0x10 ./Sources/main.o
 .debug_macro   0x0000838f      0x102 ./Project_Settings/Startup_Code/startup.o
 .debug_macro   0x00008491       0x4a ./Project_Settings/Startup_Code/startup.o
 .debug_macro   0x000084db      0x2a6 ./Project_Settings/Startup_Code/startup.o
 .debug_macro   0x00008781       0x10 ./Project_Settings/Startup_Code/startup.o
 .debug_macro   0x00008791       0x16 ./Project_Settings/Startup_Code/startup.o
 .debug_macro   0x000087a7       0x22 ./Project_Settings/Startup_Code/startup.o
 .debug_macro   0x000087c9      0x214 ./Generated_Code/AD1.o
 .debug_macro   0x000089dd       0x9a ./Generated_Code/AD1.o
 .debug_macro   0x00008a77       0xd5 ./Generated_Code/AdcLdd1.o
 .debug_macro   0x00008b4c       0xf8 ./Generated_Code/CI2C1.o
 .debug_macro   0x00008c44       0x58 ./Generated_Code/CI2C1.o
 .debug_macro   0x00008c9c      0x296 ./Generated_Code/CI2C1.o
 .debug_macro   0x00008f32       0xa6 ./Generated_Code/CLOCK.o
 .debug_macro   0x00008fd8      0x12c ./Generated_Code/CLOCK.o
 .debug_macro   0x00009104       0x40 ./Generated_Code/CLOCK.o
 .debug_macro   0x00009144      0x1f6 ./Generated_Code/CLOCKINT.o
 .debug_macro   0x0000933a      0x23e ./Generated_Code/Cpu.o
 .debug_macro   0x00009578      0x1be ./Generated_Code/Cpu.o
 .debug_macro   0x00009736      0x5ee ./Generated_Code/Cpu.o
 .debug_macro   0x00009d24       0xa6 ./Generated_Code/DACSEL.o
 .debug_macro   0x00009dca       0xa6 ./Generated_Code/DATA.o
 .debug_macro   0x00009e70       0x40 ./Generated_Code/DATA.o
 .debug_macro   0x00009eb0       0xf1 ./Generated_Code/EE241.o
 .debug_macro   0x00009fa1       0x31 ./Generated_Code/EE241.o
 .debug_macro   0x00009fd2       0xb8 ./Generated_Code/GI2C1.o
 .debug_macro   0x0000a08a       0xf0 ./Generated_Code/IntI2cLdd1.o
 .debug_macro   0x0000a17a      0x4e4 ./Generated_Code/IntI2cLdd1.o
 .debug_macro   0x0000a65e      0x29c ./Generated_Code/IntI2cLdd1.o
 .debug_macro   0x0000a8fa       0xa6 ./Generated_Code/JACK_RETRIGGER.o
 .debug_macro   0x0000a9a0       0x2e ./Generated_Code/JACK_RETRIGGER.o
 .debug_macro   0x0000a9ce       0xa6 ./Generated_Code/LATCH.o
 .debug_macro   0x0000aa74       0x40 ./Generated_Code/LATCH.o
 .debug_macro   0x0000aab4      0x1c5 ./Generated_Code/PE_LDD.o
 .debug_macro   0x0000ac79       0x91 ./Generated_Code/PTA.o
 .debug_macro   0x0000ad0a       0x12 ./Generated_Code/PTA.o
 .debug_macro   0x0000ad1c       0x8e ./Generated_Code/PTB.o
 .debug_macro   0x0000adaa       0x12 ./Generated_Code/PTB.o
 .debug_macro   0x0000adbc       0xa6 ./Generated_Code/SW_MODE.o
 .debug_macro   0x0000ae62       0x2e ./Generated_Code/SW_MODE.o
 .debug_macro   0x0000ae90       0xa6 ./Generated_Code/SW_SPEED.o
 .debug_macro   0x0000af36       0x2e ./Generated_Code/SW_SPEED.o
 .debug_macro   0x0000af64       0xa6 ./Generated_Code/SW_TRIGGER.o
 .debug_macro   0x0000b00a       0x2e ./Generated_Code/SW_TRIGGER.o
 .debug_macro   0x0000b038      0x1f6 ./Generated_Code/TI1.o
 .debug_macro   0x0000b22e       0xbb ./Generated_Code/TU1.o
 .debug_macro   0x0000b2e9       0xcb ./Generated_Code/TimerIntLdd1.o
 .debug_macro   0x0000b3b4      0x233 ./Generated_Code/Vectors.o
 .debug_macro   0x0000b5e7       0x8e ./Generated_Code/WAIT1.o

.debug_line     0x00000000     0x764e
 .debug_line    0x00000000      0x782 ./Sources/EdgeCutter2.o
 .debug_line    0x00000782      0x4b2 ./Sources/Events.o
 .debug_line    0x00000c34     0x1475 ./Sources/main.o
 .debug_line    0x000020a9      0x360 ./Project_Settings/Startup_Code/startup.o
 .debug_line    0x00002409      0x58b ./Generated_Code/AD1.o
 .debug_line    0x00002994      0x382 ./Generated_Code/AdcLdd1.o
 .debug_line    0x00002d16      0x35a ./Generated_Code/CI2C1.o
 .debug_line    0x00003070      0x2c3 ./Generated_Code/CLOCK.o
 .debug_line    0x00003333      0x46d ./Generated_Code/CLOCKINT.o
 .debug_line    0x000037a0      0x5ec ./Generated_Code/Cpu.o
 .debug_line    0x00003d8c      0x2c5 ./Generated_Code/DACSEL.o
 .debug_line    0x00004051      0x2c1 ./Generated_Code/DATA.o
 .debug_line    0x00004312      0x444 ./Generated_Code/EE241.o
 .debug_line    0x00004756      0x435 ./Generated_Code/GI2C1.o
 .debug_line    0x00004b8b      0x46c ./Generated_Code/IntI2cLdd1.o
 .debug_line    0x00004ff7      0x29b ./Generated_Code/JACK_RETRIGGER.o
 .debug_line    0x00005292      0x2c3 ./Generated_Code/LATCH.o
 .debug_line    0x00005555      0x3d0 ./Generated_Code/PE_LDD.o
 .debug_line    0x00005925      0x207 ./Generated_Code/PTA.o
 .debug_line    0x00005b2c      0x207 ./Generated_Code/PTB.o
 .debug_line    0x00005d33      0x28a ./Generated_Code/SW_MODE.o
 .debug_line    0x00005fbd      0x28f ./Generated_Code/SW_SPEED.o
 .debug_line    0x0000624c      0x293 ./Generated_Code/SW_TRIGGER.o
 .debug_line    0x000064df      0x41f ./Generated_Code/TI1.o
 .debug_line    0x000068fe      0x2ce ./Generated_Code/TU1.o
 .debug_line    0x00006bcc      0x2b8 ./Generated_Code/TimerIntLdd1.o
 .debug_line    0x00006e84      0x54a ./Generated_Code/Vectors.o
 .debug_line    0x000073ce      0x280 ./Generated_Code/WAIT1.o

.debug_str      0x00000000    0x3422a
 .debug_str     0x00000000     0x553f ./Sources/EdgeCutter2.o
                               0x57e3 (size before relaxing)
 .debug_str     0x0000553f    0x27e27 ./Sources/Events.o
                              0x2ae7e (size before relaxing)
 .debug_str     0x0002d366     0x14e2 ./Sources/main.o
                              0x2eaf9 (size before relaxing)
 .debug_str     0x0002e848     0x111f ./Project_Settings/Startup_Code/startup.o
                               0x4bb8 (size before relaxing)
 .debug_str     0x0002f967      0x211 ./Generated_Code/AD1.o
                              0x2af90 (size before relaxing)
 .debug_str     0x0002fb78      0x3e7 ./Generated_Code/AdcLdd1.o
                              0x24596 (size before relaxing)
 .debug_str     0x0002ff5f     0x3486 ./Generated_Code/CI2C1.o
                              0x22a20 (size before relaxing)
 .debug_str     0x000333e5       0x8c ./Generated_Code/CLOCK.o
                              0x1fde9 (size before relaxing)
 .debug_str     0x00033471       0x8c ./Generated_Code/CLOCKINT.o
                              0x2aecd (size before relaxing)
 .debug_str     0x000334fd      0x229 ./Generated_Code/Cpu.o
                              0x2b105 (size before relaxing)
 .debug_str     0x00033726       0x60 ./Generated_Code/DACSEL.o
                              0x1fdfd (size before relaxing)
 .debug_str     0x00033786       0x56 ./Generated_Code/DATA.o
                              0x1fdd5 (size before relaxing)
 .debug_str     0x000337dc      0x21e ./Generated_Code/EE241.o
                              0x1f7c1 (size before relaxing)
 .debug_str     0x000339fa       0xfd ./Generated_Code/GI2C1.o
                              0x1f589 (size before relaxing)
 .debug_str     0x00033af7      0x16a ./Generated_Code/IntI2cLdd1.o
                              0x2608b (size before relaxing)
 .debug_str     0x00033c61       0x5c ./Generated_Code/JACK_RETRIGGER.o
                              0x1fde9 (size before relaxing)
 .debug_str     0x00033cbd       0x5b ./Generated_Code/LATCH.o
                              0x1fde9 (size before relaxing)
 .debug_str     0x00033d18      0x177 ./Generated_Code/PE_LDD.o
                              0x2ae98 (size before relaxing)
 .debug_str     0x00033e8f       0x18 ./Generated_Code/PTA.o
                              0x1ee2f (size before relaxing)
 .debug_str     0x00033ea7       0x18 ./Generated_Code/PTB.o
                              0x1ee2f (size before relaxing)
 .debug_str     0x00033ebf       0x47 ./Generated_Code/SW_MODE.o
                              0x1fd89 (size before relaxing)
 .debug_str     0x00033f06       0x4a ./Generated_Code/SW_SPEED.o
                              0x1fd95 (size before relaxing)
 .debug_str     0x00033f50       0x50 ./Generated_Code/SW_TRIGGER.o
                              0x1fdb1 (size before relaxing)
 .debug_str     0x00033fa0       0x31 ./Generated_Code/TI1.o
                              0x2ad05 (size before relaxing)
 .debug_str     0x00033fd1      0x12f ./Generated_Code/TU1.o
                              0x210ec (size before relaxing)
 .debug_str     0x00034100       0x97 ./Generated_Code/TimerIntLdd1.o
                              0x20fc8 (size before relaxing)
 .debug_str     0x00034197       0x1c ./Generated_Code/Vectors.o
                              0x2ad13 (size before relaxing)
 .debug_str     0x000341b3       0x77 ./Generated_Code/WAIT1.o
                              0x1f15f (size before relaxing)

.comment        0x00000000       0x70
 .comment       0x00000000       0x70 ./Sources/EdgeCutter2.o
                                 0x71 (size before relaxing)
 .comment       0x00000000       0x71 ./Sources/Events.o
 .comment       0x00000000       0x71 ./Sources/main.o
 .comment       0x00000000       0x71 ./Project_Settings/Startup_Code/startup.o
 .comment       0x00000000       0x71 ./Generated_Code/AD1.o
 .comment       0x00000000       0x71 ./Generated_Code/AdcLdd1.o
 .comment       0x00000000       0x71 ./Generated_Code/CI2C1.o
 .comment       0x00000000       0x71 ./Generated_Code/CLOCK.o
 .comment       0x00000000       0x71 ./Generated_Code/CLOCKINT.o
 .comment       0x00000000       0x71 ./Generated_Code/Cpu.o
 .comment       0x00000000       0x71 ./Generated_Code/DACSEL.o
 .comment       0x00000000       0x71 ./Generated_Code/DATA.o
 .comment       0x00000000       0x71 ./Generated_Code/EE241.o
 .comment       0x00000000       0x71 ./Generated_Code/GI2C1.o
 .comment       0x00000000       0x71 ./Generated_Code/IntI2cLdd1.o
 .comment       0x00000000       0x71 ./Generated_Code/JACK_RETRIGGER.o
 .comment       0x00000000       0x71 ./Generated_Code/LATCH.o
 .comment       0x00000000       0x71 ./Generated_Code/PE_LDD.o
 .comment       0x00000000       0x71 ./Generated_Code/PTA.o
 .comment       0x00000000       0x71 ./Generated_Code/PTB.o
 .comment       0x00000000       0x71 ./Generated_Code/SW_MODE.o
 .comment       0x00000000       0x71 ./Generated_Code/SW_SPEED.o
 .comment       0x00000000       0x71 ./Generated_Code/SW_TRIGGER.o
 .comment       0x00000000       0x71 ./Generated_Code/TI1.o
 .comment       0x00000000       0x71 ./Generated_Code/TU1.o
 .comment       0x00000000       0x71 ./Generated_Code/TimerIntLdd1.o
 .comment       0x00000000       0x71 ./Generated_Code/Vectors.o
 .comment       0x00000000       0x71 ./Generated_Code/WAIT1.o

.debug_frame    0x00000000     0x155c
 .debug_frame   0x00000000      0x1f4 ./Sources/EdgeCutter2.o
 .debug_frame   0x000001f4       0xd0 ./Sources/Events.o
 .debug_frame   0x000002c4      0x634 ./Sources/main.o
 .debug_frame   0x000008f8       0xc0 ./Project_Settings/Startup_Code/startup.o
 .debug_frame   0x000009b8       0xf8 ./Generated_Code/AD1.o
 .debug_frame   0x00000ab0       0xd8 ./Generated_Code/AdcLdd1.o
 .debug_frame   0x00000b88       0xcc ./Generated_Code/CI2C1.o
 .debug_frame   0x00000c54       0x60 ./Generated_Code/CLOCK.o
 .debug_frame   0x00000cb4       0x50 ./Generated_Code/CLOCKINT.o
 .debug_frame   0x00000d04       0x7c ./Generated_Code/Cpu.o
 .debug_frame   0x00000d80       0x60 ./Generated_Code/DACSEL.o
 .debug_frame   0x00000de0       0x60 ./Generated_Code/DATA.o
 .debug_frame   0x00000e40      0x110 ./Generated_Code/EE241.o
 .debug_frame   0x00000f50      0x178 ./Generated_Code/GI2C1.o
 .debug_frame   0x000010c8      0x104 ./Generated_Code/IntI2cLdd1.o
 .debug_frame   0x000011cc       0x30 ./Generated_Code/JACK_RETRIGGER.o
 .debug_frame   0x000011fc       0x60 ./Generated_Code/LATCH.o
 .debug_frame   0x0000125c       0x48 ./Generated_Code/PE_LDD.o
 .debug_frame   0x000012a4       0x20 ./Generated_Code/PTA.o
 .debug_frame   0x000012c4       0x20 ./Generated_Code/PTB.o
 .debug_frame   0x000012e4       0x30 ./Generated_Code/SW_MODE.o
 .debug_frame   0x00001314       0x30 ./Generated_Code/SW_SPEED.o
 .debug_frame   0x00001344       0x30 ./Generated_Code/SW_TRIGGER.o
 .debug_frame   0x00001374       0x28 ./Generated_Code/TI1.o
 .debug_frame   0x0000139c       0x54 ./Generated_Code/TU1.o
 .debug_frame   0x000013f0       0x5c ./Generated_Code/TimerIntLdd1.o
 .debug_frame   0x0000144c       0x80 ./Generated_Code/WAIT1.o
 .debug_frame   0x000014cc       0x20 c:/freescale/kds_v3/toolchain/bin/../lib/gcc/arm-none-eabi/4.8.4/armv6-m\libgcc.a(_udivsi3.o)
 .debug_frame   0x000014ec       0x20 c:/freescale/kds_v3/toolchain/bin/../lib/gcc/arm-none-eabi/4.8.4/armv6-m\libgcc.a(_divsi3.o)
 .debug_frame   0x0000150c       0x30 c:/freescale/kds_v3/toolchain/bin/../lib/gcc/arm-none-eabi/4.8.4/armv6-m\libgcc.a(_muldi3.o)
 .debug_frame   0x0000153c       0x20 c:/freescale/kds_v3/toolchain/bin/../lib/gcc/arm-none-eabi/4.8.4/../../../../arm-none-eabi/lib/armv6-m\libg_s.a(lib_a-memset.o)
